Component: ARM Compiler 5.06 update 6 (build 750) Tool: armlink [4d35ed]

==============================================================================

Section Cross References

    startup_stm32f746xx.o(RESET) refers to startup_stm32f746xx.o(STACK) for __initial_sp
    startup_stm32f746xx.o(RESET) refers to startup_stm32f746xx.o(.text) for Reset_Handler
    startup_stm32f746xx.o(RESET) refers to stm32f7xx_it.o(i.SysTick_Handler) for SysTick_Handler
    startup_stm32f746xx.o(RESET) refers to main.o(i.TIM1_UP_TIM10_IRQHandler) for TIM1_UP_TIM10_IRQHandler
    startup_stm32f746xx.o(RESET) refers to main.o(i.EXTI15_10_IRQHandler) for EXTI15_10_IRQHandler
    startup_stm32f746xx.o(RESET) refers to stm32f7xx_it.o(i.DMA2_Stream0_IRQHandler) for DMA2_Stream0_IRQHandler
    startup_stm32f746xx.o(RESET) refers to main.o(i.DMA2_Stream5_IRQHandler) for DMA2_Stream5_IRQHandler
    startup_stm32f746xx.o(RESET) refers to main.o(i.SAI2_IRQHandler) for SAI2_IRQHandler
    startup_stm32f746xx.o(.text) refers to system_stm32f7xx.o(i.SystemInit) for SystemInit
    startup_stm32f746xx.o(.text) refers to entry.o(.ARM.Collect$$$$00000000) for __main
    stm32746g_discovery.o(i.AUDIO_IO_Delay) refers to stm32f7xx_hal.o(i.HAL_Delay) for HAL_Delay
    stm32746g_discovery.o(i.AUDIO_IO_Init) refers to stm32746g_discovery.o(i.I2Cx_Init) for I2Cx_Init
    stm32746g_discovery.o(i.AUDIO_IO_Init) refers to stm32746g_discovery.o(.bss) for hI2cAudioHandler
    stm32746g_discovery.o(i.AUDIO_IO_Read) refers to stm32746g_discovery.o(i.I2Cx_ReadMultiple) for I2Cx_ReadMultiple
    stm32746g_discovery.o(i.AUDIO_IO_Read) refers to stm32746g_discovery.o(.bss) for hI2cAudioHandler
    stm32746g_discovery.o(i.AUDIO_IO_Write) refers to stm32746g_discovery.o(i.I2Cx_WriteMultiple) for I2Cx_WriteMultiple
    stm32746g_discovery.o(i.AUDIO_IO_Write) refers to stm32746g_discovery.o(.bss) for hI2cAudioHandler
    stm32746g_discovery.o(i.BSP_LED_DeInit) refers to stm32f7xx_hal_gpio.o(i.HAL_GPIO_WritePin) for HAL_GPIO_WritePin
    stm32746g_discovery.o(i.BSP_LED_DeInit) refers to stm32f7xx_hal_gpio.o(i.HAL_GPIO_DeInit) for HAL_GPIO_DeInit
    stm32746g_discovery.o(i.BSP_LED_DeInit) refers to stm32746g_discovery.o(.constdata) for GPIO_PIN
    stm32746g_discovery.o(i.BSP_LED_Init) refers to stm32f7xx_hal_gpio.o(i.HAL_GPIO_Init) for HAL_GPIO_Init
    stm32746g_discovery.o(i.BSP_LED_Init) refers to stm32f7xx_hal_gpio.o(i.HAL_GPIO_WritePin) for HAL_GPIO_WritePin
    stm32746g_discovery.o(i.BSP_LED_Init) refers to stm32746g_discovery.o(.constdata) for GPIO_PIN
    stm32746g_discovery.o(i.BSP_LED_Off) refers to stm32f7xx_hal_gpio.o(i.HAL_GPIO_WritePin) for HAL_GPIO_WritePin
    stm32746g_discovery.o(i.BSP_LED_Off) refers to stm32746g_discovery.o(.constdata) for GPIO_PIN
    stm32746g_discovery.o(i.BSP_LED_On) refers to stm32f7xx_hal_gpio.o(i.HAL_GPIO_WritePin) for HAL_GPIO_WritePin
    stm32746g_discovery.o(i.BSP_LED_On) refers to stm32746g_discovery.o(.constdata) for GPIO_PIN
    stm32746g_discovery.o(i.BSP_LED_Toggle) refers to stm32f7xx_hal_gpio.o(i.HAL_GPIO_TogglePin) for HAL_GPIO_TogglePin
    stm32746g_discovery.o(i.BSP_LED_Toggle) refers to stm32746g_discovery.o(.constdata) for GPIO_PIN
    stm32746g_discovery.o(i.BSP_PB_DeInit) refers to stm32f7xx_hal_cortex.o(i.HAL_NVIC_DisableIRQ) for HAL_NVIC_DisableIRQ
    stm32746g_discovery.o(i.BSP_PB_DeInit) refers to stm32f7xx_hal_gpio.o(i.HAL_GPIO_DeInit) for HAL_GPIO_DeInit
    stm32746g_discovery.o(i.BSP_PB_DeInit) refers to stm32746g_discovery.o(.constdata) for BUTTON_PIN
    stm32746g_discovery.o(i.BSP_PB_DeInit) refers to stm32746g_discovery.o(.data) for BUTTON_PORT
    stm32746g_discovery.o(i.BSP_PB_GetState) refers to stm32f7xx_hal_gpio.o(i.HAL_GPIO_ReadPin) for HAL_GPIO_ReadPin
    stm32746g_discovery.o(i.BSP_PB_GetState) refers to stm32746g_discovery.o(.constdata) for BUTTON_PIN
    stm32746g_discovery.o(i.BSP_PB_GetState) refers to stm32746g_discovery.o(.data) for BUTTON_PORT
    stm32746g_discovery.o(i.BSP_PB_Init) refers to stm32f7xx_hal_gpio.o(i.HAL_GPIO_Init) for HAL_GPIO_Init
    stm32746g_discovery.o(i.BSP_PB_Init) refers to stm32f7xx_hal_cortex.o(i.HAL_NVIC_SetPriority) for HAL_NVIC_SetPriority
    stm32746g_discovery.o(i.BSP_PB_Init) refers to stm32f7xx_hal_cortex.o(i.HAL_NVIC_EnableIRQ) for HAL_NVIC_EnableIRQ
    stm32746g_discovery.o(i.BSP_PB_Init) refers to stm32746g_discovery.o(.constdata) for BUTTON_PIN
    stm32746g_discovery.o(i.BSP_PB_Init) refers to stm32746g_discovery.o(.data) for BUTTON_PORT
    stm32746g_discovery.o(i.CAMERA_Delay) refers to stm32f7xx_hal.o(i.HAL_Delay) for HAL_Delay
    stm32746g_discovery.o(i.CAMERA_IO_Init) refers to stm32746g_discovery.o(i.I2Cx_Init) for I2Cx_Init
    stm32746g_discovery.o(i.CAMERA_IO_Init) refers to stm32746g_discovery.o(.bss) for hI2cExtHandler
    stm32746g_discovery.o(i.CAMERA_IO_Read) refers to stm32746g_discovery.o(i.I2Cx_ReadMultiple) for I2Cx_ReadMultiple
[...]
    HAL_SPI_RxCpltCallback                   0x08007f6d   Thumb Code     2  stm32f7xx_hal_spi.o(i.HAL_SPI_RxCpltCallback)
    HAL_SPI_RxHalfCpltCallback               0x08007f6f   Thumb Code     2  stm32f7xx_hal_spi.o(i.HAL_SPI_RxHalfCpltCallback)
    HAL_SPI_TransmitReceive_DMA              0x08007f71   Thumb Code   498  stm32f7xx_hal_spi.o(i.HAL_SPI_TransmitReceive_DMA)
    HAL_SPI_TxRxCpltCallback                 0x08008179   Thumb Code     2  stm32f7xx_hal_spi.o(i.HAL_SPI_TxRxCpltCallback)
    HAL_SPI_TxRxHalfCpltCallback             0x0800817b   Thumb Code     2  stm32f7xx_hal_spi.o(i.HAL_SPI_TxRxHalfCpltCallback)
    HAL_SYSTICK_CLKSourceConfig              0x0800817d   Thumb Code    40  stm32f7xx_hal_cortex.o(i.HAL_SYSTICK_CLKSourceConfig)
    HAL_SYSTICK_Callback                     0x080081a5   Thumb Code     2  stm32f7xx_hal_cortex.o(i.HAL_SYSTICK_Callback)
    HAL_SYSTICK_Config                       0x080081a7   Thumb Code    52  stm32f7xx_hal_cortex.o(i.HAL_SYSTICK_Config)
    HAL_SYSTICK_IRQHandler                   0x080081db   Thumb Code     8  stm32f7xx_hal_cortex.o(i.HAL_SYSTICK_IRQHandler)
    HAL_TIMEx_BreakCallback                  0x080081e3   Thumb Code     2  stm32f7xx_hal_tim_ex.o(i.HAL_TIMEx_BreakCallback)
    HAL_TIMEx_CommutationCallback            0x080081e5   Thumb Code     2  stm32f7xx_hal_tim_ex.o(i.HAL_TIMEx_CommutationCallback)
    HAL_TIMEx_MasterConfigSynchronization    0x080081e9   Thumb Code    98  stm32f7xx_hal_tim_ex.o(i.HAL_TIMEx_MasterConfigSynchronization)
    HAL_TIM_Base_Init                        0x08008255   Thumb Code    52  stm32f7xx_hal_tim.o(i.HAL_TIM_Base_Init)
    HAL_TIM_Base_MspInit                     0x08008289   Thumb Code    58  tim.o(i.HAL_TIM_Base_MspInit)
    HAL_TIM_Base_Start_IT                    0x080082cd   Thumb Code    30  stm32f7xx_hal_tim.o(i.HAL_TIM_Base_Start_IT)
    HAL_TIM_ConfigClockSource                0x080082ed   Thumb Code   308  stm32f7xx_hal_tim.o(i.HAL_TIM_ConfigClockSource)
    HAL_TIM_IC_CaptureCallback               0x08008425   Thumb Code     2  stm32f7xx_hal_tim.o(i.HAL_TIM_IC_CaptureCallback)
    HAL_TIM_IRQHandler                       0x08008427   Thumb Code   440  stm32f7xx_hal_tim.o(i.HAL_TIM_IRQHandler)
    HAL_TIM_OC_DelayElapsedCallback          0x080085df   Thumb Code     2  stm32f7xx_hal_tim.o(i.HAL_TIM_OC_DelayElapsedCallback)
    HAL_TIM_PWM_PulseFinishedCallback        0x080085e1   Thumb Code     2  stm32f7xx_hal_tim.o(i.HAL_TIM_PWM_PulseFinishedCallback)
    HAL_TIM_PeriodElapsedCallback            0x080085e3   Thumb Code     2  stm32f7xx_hal_tim.o(i.HAL_TIM_PeriodElapsedCallback)
    HAL_TIM_TriggerCallback                  0x080085e5   Thumb Code     2  stm32f7xx_hal_tim.o(i.HAL_TIM_TriggerCallback)
    LOAD_TRACK                               0x08008b89   Thumb Code  3900  main.o(i.LOAD_TRACK)
    MX_DMA2D_Init                            0x08009d0d   Thumb Code    62  dma2d.o(i.MX_DMA2D_Init)
    MX_DMA_Init                              0x08009d65   Thumb Code   130  dma.o(i.MX_DMA_Init)
    MX_FATFS_Init                            0x08009e05   Thumb Code    16  fatfs.o(i.MX_FATFS_Init)
    MX_FMC_Init                              0x08009e21   Thumb Code    96  fmc.o(i.MX_FMC_Init)
    MX_GPIO_Init                             0x08009e99   Thumb Code   874  gpio.o(i.MX_GPIO_Init)
    MX_I2C3_Init                             0x0800a239   Thumb Code    86  i2c.o(i.MX_I2C3_Init)
    MX_LTDC_Init                             0x0800a2ad   Thumb Code   264  ltdc.o(i.MX_LTDC_Init)
    MX_QUADSPI_Init                          0x0800a3cd   Thumb Code    56  quadspi.o(i.MX_QUADSPI_Init)
    MX_SAI2_Init                             0x0800a421   Thumb Code   128  sai.o(i.MX_SAI2_Init)
    MX_SDMMC1_SD_Init                        0x0800a4b9   Thumb Code    28  sdmmc.o(i.MX_SDMMC1_SD_Init)
    MX_SPI1_Init                             0x0800a4dd   Thumb Code    68  spi.o(i.MX_SPI1_Init)
    MX_TIM1_Init                             0x0800a539   Thumb Code   106  tim.o(i.MX_TIM1_Init)
    NAVIGATOR                                0x0800a5bd   Thumb Code   764  main.o(i.NAVIGATOR)
    PREPARE_LOAD_TRACK                       0x0800a91d   Thumb Code   206  main.o(i.PREPARE_LOAD_TRACK)
    ReDrawScroll                             0x0800ae21   Thumb Code   266  main.o(i.ReDrawScroll)
    RedrawWaveforms                          0x0800af35   Thumb Code   470  main.o(i.RedrawWaveforms)
    SAI2_IRQHandler                          0x0800b169   Thumb Code  2382  main.o(i.SAI2_IRQHandler)
    SDMMC_CmdAppCommand                      0x0800bd7d   Thumb Code    58  stm32f7xx_ll_sdmmc.o(i.SDMMC_CmdAppCommand)
    SDMMC_CmdAppOperCommand                  0x0800bdb9   Thumb Code    56  stm32f7xx_ll_sdmmc.o(i.SDMMC_CmdAppOperCommand)
    SDMMC_CmdBlockLength                     0x0800bdf5   Thumb Code    58  stm32f7xx_ll_sdmmc.o(i.SDMMC_CmdBlockLength)
    SDMMC_CmdBusWidth                        0x0800be2f   Thumb Code    58  stm32f7xx_ll_sdmmc.o(i.SDMMC_CmdBusWidth)
    SDMMC_CmdGoIdleState                     0x0800be69   Thumb Code    46  stm32f7xx_ll_sdmmc.o(i.SDMMC_CmdGoIdleState)
    SDMMC_CmdOperCond                        0x0800be97   Thumb Code    54  stm32f7xx_ll_sdmmc.o(i.SDMMC_CmdOperCond)
    SDMMC_CmdReadMultiBlock                  0x0800becd   Thumb Code    58  stm32f7xx_ll_sdmmc.o(i.SDMMC_CmdReadMultiBlock)
    SDMMC_CmdReadSingleBlock                 0x0800bf07   Thumb Code    58  stm32f7xx_ll_sdmmc.o(i.SDMMC_CmdReadSingleBlock)
    SDMMC_CmdSelDesel                        0x0800bf41   Thumb Code    60  stm32f7xx_ll_sdmmc.o(i.SDMMC_CmdSelDesel)
    SDMMC_CmdSendCID                         0x0800bf7d   Thumb Code    52  stm32f7xx_ll_sdmmc.o(i.SDMMC_CmdSendCID)
    SDMMC_CmdSendCSD                         0x0800bfb1   Thumb Code    52  stm32f7xx_ll_sdmmc.o(i.SDMMC_CmdSendCSD)
    SDMMC_CmdSendSCR                         0x0800bfe5   Thumb Code    58  stm32f7xx_ll_sdmmc.o(i.SDMMC_CmdSendSCR)
    SDMMC_CmdSendStatus                      0x0800c01f   Thumb Code    58  stm32f7xx_ll_sdmmc.o(i.SDMMC_CmdSendStatus)
    SDMMC_CmdSetRelAdd                       0x0800c059   Thumb Code    58  stm32f7xx_ll_sdmmc.o(i.SDMMC_CmdSetRelAdd)
    SDMMC_CmdStopTransfer                    0x0800c095   Thumb Code    56  stm32f7xx_ll_sdmmc.o(i.SDMMC_CmdStopTransfer)
    SDMMC_CmdWriteMultiBlock                 0x0800c0d1   Thumb Code    58  stm32f7xx_ll_sdmmc.o(i.SDMMC_CmdWriteMultiBlock)
    SDMMC_CmdWriteSingleBlock                0x0800c10b   Thumb Code    58  stm32f7xx_ll_sdmmc.o(i.SDMMC_CmdWriteSingleBlock)
    SDMMC_ConfigData                         0x0800c145   Thumb Code    44  stm32f7xx_ll_sdmmc.o(i.SDMMC_ConfigData)
    SDMMC_GetCommandResponse                 0x0800c509   Thumb Code     8  stm32f7xx_ll_sdmmc.o(i.SDMMC_GetCommandResponse)
    SDMMC_GetPowerState                      0x0800c511   Thumb Code    10  stm32f7xx_ll_sdmmc.o(i.SDMMC_GetPowerState)
    SDMMC_GetResponse                        0x0800c51b   Thumb Code    22  stm32f7xx_ll_sdmmc.o(i.SDMMC_GetResponse)
    SDMMC_Init                               0x0800c531   Thumb Code    52  stm32f7xx_ll_sdmmc.o(i.SDMMC_Init)
    SDMMC_PowerState_ON                      0x0800c565   Thumb Code    10  stm32f7xx_ll_sdmmc.o(i.SDMMC_PowerState_ON)
    SDMMC_ReadFIFO                           0x0800c56f   Thumb Code     8  stm32f7xx_ll_sdmmc.o(i.SDMMC_ReadFIFO)
    SDMMC_SendCommand                        0x0800c577   Thumb Code    40  stm32f7xx_ll_sdmmc.o(i.SDMMC_SendCommand)
    SDMMC_WriteFIFO                          0x0800c59f   Thumb Code    12  stm32f7xx_ll_sdmmc.o(i.SDMMC_WriteFIFO)
    SD_initialize                            0x0800c9c9   Thumb Code    34  sd_diskio.o(i.SD_initialize)
    SD_ioctl                                 0x0800c9f1   Thumb Code    98  sd_diskio.o(i.SD_ioctl)
    SD_read                                  0x0800ca59   Thumb Code    64  sd_diskio.o(i.SD_read)
    SD_status                                0x0800caa1   Thumb Code    34  sd_diskio.o(i.SD_status)
    SD_write                                 0x0800cac9   Thumb Code    64  sd_diskio.o(i.SD_write)
    SEEK_AUDIOFRAME                          0x0800cb11   Thumb Code    80  main.o(i.SEEK_AUDIOFRAME)
    SET_CUE                                  0x0800cb7d   Thumb Code   180  main.o(i.SET_CUE)
    SET_MEMORY_CUE_1                         0x0800cc45   Thumb Code   178  main.o(i.SET_MEMORY_CUE_1)
    SET_MEMORY_CUE_2                         0x0800cd25   Thumb Code    90  main.o(i.SET_MEMORY_CUE_2)
    ShowACUE                                 0x0800d0dd   Thumb Code    54  main.o(i.ShowACUE)
    ShowBPM                                  0x0800d129   Thumb Code   346  main.o(i.ShowBPM)
    ShowNEEDLE                               0x0800d2ad   Thumb Code    52  main.o(i.ShowNEEDLE)
    ShowPhaseMeter                           0x0800d2f5   Thumb Code  2156  main.o(i.ShowPhaseMeter)
    ShowREMAIN                               0x0800db61   Thumb Code    54  main.o(i.ShowREMAIN)
    ShowTempo                                0x0800dba9   Thumb Code   328  main.o(i.ShowTempo)
    ShowTrackNumber                          0x0800dd35   Thumb Code    92  main.o(i.ShowTrackNumber)
    SwitchInformationLayer                   0x0800dda1   Thumb Code  2082  main.o(i.SwitchInformationLayer)
    SysTick_Handler                          0x0800e611   Thumb Code    12  stm32f7xx_it.o(i.SysTick_Handler)
    SystemClock_Config                       0x0800e61d   Thumb Code   286  main.o(i.SystemClock_Config)
    SystemInit                               0x0800e759   Thumb Code    82  system_stm32f7xx.o(i.SystemInit)
    TIM1_UP_TIM10_IRQHandler                 0x0800e7bd   Thumb Code   566  main.o(i.TIM1_UP_TIM10_IRQHandler)
    TIM_Base_SetConfig                       0x0800ea51   Thumb Code   196  stm32f7xx_hal_tim.o(i.TIM_Base_SetConfig)
    TIM_ETR_SetConfig                        0x0800eb41   Thumb Code    24  stm32f7xx_hal_tim.o(i.TIM_ETR_SetConfig)
    TOUCH_SCREEN_HANDLER                     0x0800ebc5   Thumb Code   244  main.o(i.TOUCH_SCREEN_HANDLER)
    TS_DetectTouch                           0x0800ecd5   Thumb Code    54  ft5336.o(i.TS_DetectTouch)
    TS_GetState                              0x0800ed11   Thumb Code   354  ft5336.o(i.TS_GetState)
    TS_GetTouchInfo                          0x0800ee7d   Thumb Code   246  ft5336.o(i.TS_GetTouchInfo)
    TS_GetXY                                 0x0800ef79   Thumb Code   316  ft5336.o(i.TS_GetXY)
    TS_Get_GestureId                         0x0800f0bd   Thumb Code   102  ft5336.o(i.TS_Get_GestureId)
    TS_IO_Read                               0x0800f125   Thumb Code    42  ft5336.o(i.TS_IO_Read)
    TS_IO_Write                              0x0800f155   Thumb Code    44  ft5336.o(i.TS_IO_Write)
    Touch_Ini                                0x0800f185   Thumb Code    40  ft5336.o(i.Touch_Ini)
    Touch_ReadID                             0x0800f1b1   Thumb Code    50  ft5336.o(i.Touch_ReadID)
    UTILITY_PARAMETER                        0x0800f1e5   Thumb Code   202  main.o(i.UTILITY_PARAMETER)
    _Error_Handler                           0x0800f301   Thumb Code     4  main.o(i._Error_Handler)
    __0sprintf$6                             0x0800f305   Thumb Code    34  printf6.o(i.__0sprintf$6)
    __1sprintf$6                             0x0800f305   Thumb Code     0  printf6.o(i.__0sprintf$6)
    __2sprintf                               0x0800f305   Thumb Code     0  printf6.o(i.__0sprintf$6)
    __scatterload_copy                       0x0800f32d   Thumb Code    14  handlers.o(i.__scatterload_copy)
    __scatterload_null                       0x0800f33b   Thumb Code     2  handlers.o(i.__scatterload_null)
    __scatterload_zeroinit                   0x0800f33d   Thumb Code    14  handlers.o(i.__scatterload_zeroinit)
    clust2sect                               0x0800f85d   Thumb Code    38  ff.o(i.clust2sect)
    disk_initialize                          0x080102c5   Thumb Code    40  diskio.o(i.disk_initialize)
    disk_ioctl                               0x080102f1   Thumb Code    36  diskio.o(i.disk_ioctl)
    disk_read                                0x08010319   Thumb Code    42  diskio.o(i.disk_read)
    disk_status                              0x08010349   Thumb Code    24  diskio.o(i.disk_status)
    disk_write                               0x08010365   Thumb Code    42  diskio.o(i.disk_write)
    f_close                                  0x080103bd   Thumb Code    50  ff.o(i.f_close)
    f_lseek                                  0x080103ef   Thumb Code  1116  ff.o(i.f_lseek)
    f_mount                                  0x0801084d   Thumb Code   100  ff.o(i.f_mount)
    f_open                                   0x080108b5   Thumb Code   550  ff.o(i.f_open)
    f_read                                   0x08010ae1   Thumb Code   742  ff.o(i.f_read)
    f_sync                                   0x08010dc7   Thumb Code   250  ff.o(i.f_sync)
    ff_convert                               0x08010ec1   Thumb Code    14  main.o(i.ff_convert)
    ff_wtoupper                              0x08010ecf   Thumb Code    26  main.o(i.ff_wtoupper)
    free                                     0x08011499   Thumb Code    76  malloc.o(i.free)
    ft5336_TS_GetGestureID                   0x080114e9   Thumb Code    24  ft5336.o(i.ft5336_TS_GetGestureID)
    get_fat                                  0x080115b5   Thumb Code   356  ff.o(i.get_fat)
    get_fattime                              0x08011719   Thumb Code     4  fatfs.o(i.get_fattime)
    intDRAW_WAVEFORM_FRAME                   0x08011859   Thumb Code   906  main.o(i.intDRAW_WAVEFORM_FRAME)
    intDrawLayer0_INFO                       0x08011c29   Thumb Code  1290  main.o(i.intDrawLayer0_INFO)
    intDrawLayer0_NOINFO                     0x08012155   Thumb Code   270  main.o(i.intDrawLayer0_NOINFO)
    intDrawTriangle                          0x08012275   Thumb Code   194  main.o(i.intDrawTriangle)
    int_BI_DRAW_ALL_LINES                    0x08012341   Thumb Code   566  main.o(i.int_BI_DRAW_ALL_LINES)
    int_BI_DRAW_ONE_LINE                     0x080125c5   Thumb Code   920  main.o(i.int_BI_DRAW_ONE_LINE)
    int_B_DRAW_ALL_LINES                     0x080129b5   Thumb Code   418  main.o(i.int_B_DRAW_ALL_LINES)
    int_B_DRAW_ONE_LINE                      0x08012b91   Thumb Code   822  main.o(i.int_B_DRAW_ONE_LINE)
    int_TI_DRAW_ALL_LINES                    0x08012f11   Thumb Code   590  main.o(i.int_TI_DRAW_ALL_LINES)
    int_TI_DRAW_ONE_LINE                     0x080131a9   Thumb Code   904  main.o(i.int_TI_DRAW_ONE_LINE)
    int_T_DRAW_ALL_LINES                     0x08013585   Thumb Code   382  main.o(i.int_T_DRAW_ALL_LINES)
    int_T_DRAW_ONE_LINE                      0x08013731   Thumb Code   694  main.o(i.int_T_DRAW_ONE_LINE)
    int_U_DRAW_ALL_LINES                     0x08013a25   Thumb Code   148  main.o(i.int_U_DRAW_ALL_LINES)
    int_U_DRAW_ONE_LINE                      0x08013acd   Thumb Code   634  main.o(i.int_U_DRAW_ONE_LINE)
    main                                     0x08013d9d   Thumb Code  4128  main.o(i.main)
    malloc                                   0x08014e0d   Thumb Code    92  malloc.o(i.malloc)
    put_fat                                  0x08014f0b   Thumb Code   446  ff.o(i.put_fat)
    wm8994_DeInit                            0x0801535d   Thumb Code     8  wm8994.o(i.wm8994_DeInit)
    wm8994_Init                              0x08015365   Thumb Code  2750  wm8994.o(i.wm8994_Init)
    wm8994_Pause                             0x08015e23   Thumb Code    32  wm8994.o(i.wm8994_Pause)
    wm8994_Play                              0x08015e43   Thumb Code    28  wm8994.o(i.wm8994_Play)
    wm8994_ReadID                            0x08015e5f   Thumb Code    18  wm8994.o(i.wm8994_ReadID)
    wm8994_Reset                             0x08015e71   Thumb Code    32  wm8994.o(i.wm8994_Reset)
    wm8994_Resume                            0x08015e99   Thumb Code    20  wm8994.o(i.wm8994_Resume)
    wm8994_SetFrequency                      0x08015ead   Thumb Code   210  wm8994.o(i.wm8994_SetFrequency)
    wm8994_SetMute                           0x08015f81   Thumb Code    80  wm8994.o(i.wm8994_SetMute)
    wm8994_SetOutputMode                     0x08015fd5   Thumb Code   316  wm8994.o(i.wm8994_SetOutputMode)
    wm8994_SetVolume                         0x08016111   Thumb Code   292  wm8994.o(i.wm8994_SetVolume)
    wm8994_Stop                              0x0801623d   Thumb Code   120  wm8994.o(i.wm8994_Stop)
    Font23D_Table                            0x080162b8   Data        5796  stm32746g_discovery_lcd.o(.constdata)
    Font26D_Table                            0x0801795c   Data        1352  stm32746g_discovery_lcd.o(.constdata)
    Font20D_Table                            0x08017ea4   Data        3608  stm32746g_discovery_lcd.o(.constdata)
    Font15P_Table                            0x08018cbc   Data        2850  stm32746g_discovery_lcd.o(.constdata)
    Font8_Table                              0x080197de   Data         950  stm32746g_discovery_lcd.o(.constdata)
    FontBMP_Table                            0x08019b94   Data        1089  stm32746g_discovery_lcd.o(.constdata)
    Font18D_Table                            0x08019fd5   Data        3420  stm32746g_discovery_lcd.o(.constdata)
    Font11D_Table                            0x0801ad31   Data         396  stm32746g_discovery_lcd.o(.constdata)
    Font13D_Table                            0x0801aebd   Data        2470  stm32746g_discovery_lcd.o(.constdata)
    COLOR_MAP                                0x0801b86c   Data          32  main.o(.constdata)
    WS_COLOR_MAP                             0x0801b88c   Data           8  main.o(.constdata)
    AHBPrescTable                            0x0801b894   Data          16  system_stm32f7xx.o(.constdata)
    APBPrescTable                            0x0801b8a4   Data           8  system_stm32f7xx.o(.constdata)
    SD_Driver                                0x0801b968   Data          20  sd_diskio.o(.constdata)
    Region$$Table$$Base                      0x0801b97c   Number         0  anon$$obj.o(Region$$Table)
    Region$$Table$$Limit                     0x0801b9ac   Number         0  anon$$obj.o(Region$$Table)
    Font23D                                  0x20000000   Data           8  stm32746g_discovery_lcd.o(.data)
    Font26D                                  0x20000008   Data           8  stm32746g_discovery_lcd.o(.data)
    Font20D                                  0x20000010   Data           8  stm32746g_discovery_lcd.o(.data)
    Font15P                                  0x20000018   Data           8  stm32746g_discovery_lcd.o(.data)
    Font8                                    0x20000020   Data           8  stm32746g_discovery_lcd.o(.data)
    FontBMP                                  0x20000028   Data           8  stm32746g_discovery_lcd.o(.data)
    Font18D                                  0x20000030   Data           8  stm32746g_discovery_lcd.o(.data)
    Font11D                                  0x20000038   Data           8  stm32746g_discovery_lcd.o(.data)
    Font13D                                  0x20000040   Data           8  stm32746g_discovery_lcd.o(.data)
    TRANSPARENT_MODE_ENABLE                  0x20000048   Data           1  stm32746g_discovery_lcd.o(.data)
    width15P                                 0x20000049   Data          95  stm32746g_discovery_lcd.o(.data)
    uwTick                                   0x200000b0   Data           4  stm32f7xx_hal.o(.data)
    nbytes                                   0x200000b4   Data           4  main.o(.data)
    res                                      0x200000b8   Data           1  main.o(.data)
    all_long                                 0x200000bc   Data           4  main.o(.data)
    DynamicWaveformZOOM                      0x200000c0   Data           1  main.o(.data)
    PreviousPositionDW                       0x200000c4   Data           4  main.o(.data)
    PreviousSecondsPos                       0x200000c8   Data           2  main.o(.data)
    VisibleLayer                             0x200000ca   Data           1  main.o(.data)
    forcibly_redraw                          0x200000cb   Data           1  main.o(.data)
    RED_VERTICAL_LINE                        0x200000cc   Data           1  main.o(.data)
    PreviousPhase                            0x200000ce   Data           2  main.o(.data)
    bars                                     0x200000d0   Data           2  main.o(.data)
    previous_position_bar                    0x200000d2   Data           2  main.o(.data)
    dSHOW                                    0x200000d4   Data           1  main.o(.data)
    MemoryCuePyramid_ENABLE                  0x200000d5   Data           1  main.o(.data)
    DRAWN_IN_REMAIN                          0x200000d6   Data           1  main.o(.data)
    need_DSW                                 0x200000d7   Data           1  main.o(.data)
    HCUE_adr                                 0x200000d8   Data          24  main.o(.data)
    MEMORY_adr                               0x200000f0   Data          80  main.o(.data)
    HCUE_type                                0x20000140   Data           3  main.o(.data)
    number_of_hot_cue_points                 0x20000143   Data           1  main.o(.data)
    number_of_memory_cue_points              0x20000144   Data           1  main.o(.data)
    play_adr                                 0x20000148   Data           4  main.o(.data)
    slip_play_adr                            0x2000014c   Data           4  main.o(.data)
    sdram_adr                                0x20000150   Data           4  main.o(.data)
    SAMPLE                                   0x20000154   Data           4  main.o(.data)
    start_adr_valid_data                     0x20000158   Data           2  main.o(.data)
    end_adr_valid_data                       0x2000015a   Data           2  main.o(.data)
    filling_step                             0x2000015c   Data           1  main.o(.data)
    reload                                   0x2000015d   Data           1  main.o(.data)
    output_level                             0x2000015e   Data           1  main.o(.data)
    change_speed                             0x2000015f   Data           1  main.o(.data)
    CUE_ADR                                  0x20000160   Data           4  main.o(.data)
    offset_adress                            0x20000164   Data           1  main.o(.data)
    mem_offset_adress                        0x20000165   Data           1  main.o(.data)
    acceleration_UP                          0x20000166   Data           2  main.o(.data)
    acceleration_DOWN                        0x20000168   Data           2  main.o(.data)
    LOG_TABLE                                0x2000016a   Data          16  main.o(.data)
    PCM_2                                    0x2000017a   Data           4  main.o(.data)
    c0                                       0x20000180   Data           4  main.o(.data)
    c1                                       0x20000184   Data           4  main.o(.data)
    c2                                       0x20000188   Data           4  main.o(.data)
    c3                                       0x2000018c   Data           4  main.o(.data)
    r0                                       0x20000190   Data           4  main.o(.data)
    r1                                       0x20000194   Data           4  main.o(.data)
    r2                                       0x20000198   Data           4  main.o(.data)
    r3                                       0x2000019c   Data           4  main.o(.data)
    even1                                    0x200001a0   Data           4  main.o(.data)
    even2                                    0x200001a4   Data           4  main.o(.data)
    odd1                                     0x200001a8   Data           4  main.o(.data)
    odd2                                     0x200001ac   Data           4  main.o(.data)
    i                                        0x200001d0   Data           4  main.o(.data)
    reverse                                  0x200001d4   Data           1  main.o(.data)
    pitch                                    0x200001d6   Data           2  main.o(.data)
    position                                 0x200001d8   Data           4  main.o(.data)
    slip_position                            0x200001dc   Data           4  main.o(.data)
    pitch_for_slip                           0x200001e0   Data           2  main.o(.data)
    step_position                            0x200001e2   Data           1  main.o(.data)
    SAMPLE_BUFFER                            0x200001e4   Data           4  main.o(.data)
    T                                        0x200001e8   Data           4  main.o(.data)
    TOTAL_TRACKS                             0x200001ec   Data           2  main.o(.data)
    track_number                             0x200001ee   Data           2  main.o(.data)
    path_export                              0x200001f0   Data          32  main.o(.data)
    FIRMWARE_VERSION                         0x20000210   Data           6  main.o(.data)
    lcd_status                               0x20000216   Data           1  main.o(.data)
    originalBPM                              0x20000218   Data           2  main.o(.data)
    REMAIN_ENABLE                            0x2000021a   Data           1  main.o(.data)
    BLUE_BAR                                 0x2000021c   Data         224  main.o(.data)
    RED_BAR                                  0x200002fc   Data         224  main.o(.data)
    BCurrentCursorPosition                   0x200003dc   Data           1  main.o(.data)
    BCurrentTrackPosition                    0x200003de   Data           2  main.o(.data)
    ScrollLong                               0x200003e0   Data           1  main.o(.data)
    ScrollPosition                           0x200003e1   Data           1  main.o(.data)
    TOTAL_TRACKS_IN_TAG_LIST                 0x200003e2   Data           1  main.o(.data)
    TCurrentCursorPosition                   0x200003e3   Data           1  main.o(.data)
    TCurrentTrackPosition                    0x200003e4   Data           1  main.o(.data)
    s                                        0x200003e5   Data           1  main.o(.data)
    BROWSER_INFO_enable                      0x200003e6   Data           1  main.o(.data)
    TAG_LIST_INFO_enable                     0x200003e7   Data           1  main.o(.data)
    TOTAL_U_POSITIONS                        0x200003e8   Data           1  main.o(.data)
    UTILITY_BASE                             0x200003e9   Data         176  main.o(.data)
    DEVICE_UID                               0x2000049c   Data           4  main.o(.data)
    UCurrentCursorPosition                   0x200004a0   Data           1  main.o(.data)
    CurrentUPosition                         0x200004a1   Data           1  main.o(.data)
    countUTILITY                             0x200004a2   Data           1  main.o(.data)
    need_up                                  0x200004a3   Data           1  main.o(.data)
    need_down                                0x200004a4   Data           1  main.o(.data)
    LOAD_pressed                             0x200004a5   Data           1  main.o(.data)
    KEY_BROWSE_pressed                       0x200004a6   Data           1  main.o(.data)
    KEY_SD_pressed                           0x200004a7   Data           1  main.o(.data)
    KEY_TAG_LIST_pressed                     0x200004a8   Data           1  main.o(.data)
    KEY_MENU_pressed                         0x200004a9   Data           1  main.o(.data)
    KEY_TAG_TRACK_pressed                    0x200004aa   Data           1  main.o(.data)
    KEY_USB_pressed                          0x200004ab   Data           1  main.o(.data)
    KEY_MIDI_pressed                         0x200004ac   Data           1  main.o(.data)
    KEY_INFO_pressed                         0x200004ad   Data           1  main.o(.data)
    LED_SD_timer                             0x200004ae   Data           1  main.o(.data)
    timer_time                               0x200004af   Data           1  main.o(.data)
    ENCODER_LED_BLINK                        0x200004b0   Data           1  main.o(.data)
    needle_enable                            0x200004b3   Data           1  main.o(.data)
    previous_needle_position                 0x200004b4   Data           2  main.o(.data)
    Tbuffer                                  0x200004b6   Data          27  main.o(.data)
    load_animation_enable                    0x200004d1   Data           1  main.o(.data)
    zi                                       0x200004d2   Data           2  main.o(.data)
    a                                        0x200004d4   Data           1  main.o(.data)
    dma_cnt                                  0x200004d5   Data           1  main.o(.data)
    DD                                       0x200004d8   Data           4  main.o(.data)
    potenciometer_tempo                      0x200004dc   Data           2  main.o(.data)
    pitch_center                             0x200004e0   Data           4  main.o(.data)
    previous_potenciometer_tempo             0x200004e4   Data           2  main.o(.data)
    tempo_need_update                        0x200004e6   Data           1  main.o(.data)
    tempo_range                              0x200004e7   Data           1  main.o(.data)
    tempo_range_need_update                  0x200004e8   Data           1  main.o(.data)
    time_mode_need_update                    0x200004e9   Data           1  main.o(.data)
    track_need_load                          0x200004ea   Data           1  main.o(.data)
    play_enable                              0x200004eb   Data           1  main.o(.data)
    inertial_rotation                        0x200004ec   Data           1  main.o(.data)
    keep_to_play                             0x200004ed   Data           1  main.o(.data)
    PLAY_BUTTON_pressed                      0x200004ee   Data           1  main.o(.data)
    CUE_BUTTON_pressed                       0x200004ef   Data           1  main.o(.data)
    JOG_MODE_BUTTON_pressed                  0x200004f0   Data           1  main.o(.data)
    TEMPO_RESET_BUTTON_pressed               0x200004f1   Data           1  main.o(.data)
    TEMPO_RANGE_BUTTON_pressed               0x200004f2   Data           1  main.o(.data)
    TRACK_NEXT_BUTTON_pressed                0x200004f3   Data           1  main.o(.data)
    TRACK_PREVIOUS_BUTTON_pressed            0x200004f4   Data           1  main.o(.data)
    CALL_NEXT_BUTTON_pressed                 0x200004f5   Data           1  main.o(.data)
    CALL_PREVIOUS_BUTTON_pressed             0x200004f6   Data           1  main.o(.data)
    SEARCH_FF_BUTTON_pressed                 0x200004f7   Data           1  main.o(.data)
    SEARCH_REW_BUTTON_pressed                0x200004f8   Data           1  main.o(.data)
    TIME_MODE_BUTTON_pressed                 0x200004f9   Data           1  main.o(.data)
    SLIP_MODE_BUTTON_pressed                 0x200004fa   Data           1  main.o(.data)
    REVERSE_SWITCH_pressed                   0x200004fb   Data           1  main.o(.data)
    TIM_PLAY_LED                             0x200004fc   Data           1  main.o(.data)
    TIM_CUE_LED                              0x200004fd   Data           1  main.o(.data)
    RED_CIRCLE_CUE_ADR                       0x200004fe   Data           1  main.o(.data)
    TMPSLP                                   0x200004ff   Data           1  main.o(.data)
    CUE_OPERATION                            0x20000500   Data           1  main.o(.data)
    retSD                                    0x20000501   Data           1  fatfs.o(.data)
    SD_Path                                  0x20000502   Data           4  fatfs.o(.data)
    wm8994_drv                               0x20000514   Data          48  wm8994.o(.data)
    ft5336_handle                            0x2000054c   Data           3  ft5336.o(.data)
    SystemCoreClock                          0x20000554   Data           4  system_stm32f7xx.o(.data)
    __microlib_freelist                      0x20000560   Data           4  mvars.o(.data)
    __microlib_freelist_initialised          0x20000564   Data           4  mvars.o(.data)
    QSPIHandle                               0x200008a4   Data          76  stm32746g_discovery_qspi.o(.bss)
    fat                                      0x200008f0   Data        4144  main.o(.bss)
    file                                     0x20001920   Data        4140  main.o(.bss)
    finfo                                    0x2000294c   Data          32  main.o(.bss)
    FAT                                      0x2000296c   Data        4144  main.o(.bss)
    directory                                0x2000399c   Data        4136  main.o(.bss)
    WFORMDYNAMIC                             0x200049c4   Data       135000  main.o(.bss)
    BEATGRID                                 0x2002591c   Data       16384  main.o(.bss)
    BPMGRID                                  0x2002991c   Data        8192  main.o(.bss)
    WFORMSTATIC                              0x2002b91c   Data         400  main.o(.bss)
    MEMORY_type                              0x2002baac   Data          10  main.o(.bss)
    LR                                       0x2002bab6   Data          16  main.o(.bss)
    Buf                                      0x2002bac6   Data          20  main.o(.bss)
    TAG_LIST_BASE                            0x2002bada   Data         202  main.o(.bss)
    Rbuffer                                  0x2002bbd0   Data          27  main.o(.bss)
    hsd1                                     0x2002bbec   Data         132  sdmmc.o(.bss)
    hdma2d                                   0x2002bc70   Data          64  dma2d.o(.bss)
    hltdc                                    0x2002bcb0   Data         168  ltdc.o(.bss)
    hsdram1                                  0x2002bd58   Data          52  fmc.o(.bss)
    hi2c3                                    0x2002bd8c   Data          76  i2c.o(.bss)
    hsai_BlockA2                             0x2002bdd8   Data         132  sai.o(.bss)
    hdma_memtomem_dma2_stream1               0x2002be5c   Data          96  dma.o(.bss)
    htim1                                    0x2002bebc   Data          64  tim.o(.bss)
    hqspi                                    0x2002bf24   Data          76  quadspi.o(.bss)
    hspi1                                    0x2002bf70   Data         100  spi.o(.bss)
    hdma_spi1_rx                             0x2002bfd4   Data          96  spi.o(.bss)
    hdma_spi1_tx                             0x2002c034   Data          96  spi.o(.bss)
    disk                                     0x2002c2ac   Data          12  ff_gen_drv.o(.bss)
    __heap_base                              0x2002c2b8   Data           0  startup_stm32f746xx.o(HEAP)
    __heap_limit                             0x2002c4b8   Data           0  startup_stm32f746xx.o(HEAP)
    __initial_sp                             0x2002c8b8   Data           0  startup_stm32f746xx.o(STACK)
    LAYER                                    0x90000000   Data       10306  main.o(.qspi_data)
    REKBX                                    0x90002842   Data       33792  main.o(.qspi_data)
    disc                                     0x9000ac42   Data       23763  main.o(.qspi_data)
    strelka                                  0x90010915   Data         912  main.o(.qspi_data)
    ANIMATION                                0x90010ca5   Data       4492800  main.o(.qspi_data)
    PCM                                      0xc0000000   Data       6750208  main.o(.sdram)
    playlist                                 0xc0670000   Data       42240  main.o(.sdram)
    parcser_adress                           0xc067a500   Data        3072  main.o(.sdram)



==============================================================================

Memory Map of the image

  Image Entry point : 0x080001c9

  Load Region LR_IROM1 (Base: 0x08000000, Size: 0x00697014, Max: 0x00100000, ABSOLUTE, COMPRESSED[0x00028d7c])

    Execution Region ER_IROM1 (Exec base: 0x08000000, Load base: 0x08000000, Size: 0x0001b9ac, Max: 0x00100000, ABSOLUTE)

    Exec Addr    Load Addr    Size         Type   Attr      Idx    E Section Name        Object

    0x08000000   0x08000000   0x000001c8   Data   RO            3    RESET               startup_stm32f746xx.o
    0x080001c8   0x080001c8   0x00000000   Code   RO         7421  * .ARM.Collect$$$$00000000  mc_w.l(entry.o)
    0x080001c8   0x080001c8   0x00000004   Code   RO         7717    .ARM.Collect$$$$00000001  mc_w.l(entry2.o)
    0x080001cc   0x080001cc   0x00000004   Code   RO         7720    .ARM.Collect$$$$00000004  mc_w.l(entry5.o)
    0x080001d0   0x080001d0   0x00000000   Code   RO         7722    .ARM.Collect$$$$00000008  mc_w.l(entry7b.o)
    0x080001d0   0x080001d0   0x00000000   Code   RO         7724    .ARM.Collect$$$$0000000A  mc_w.l(entry8b.o)
    0x080001d0   0x080001d0   0x00000008   Code   RO         7725    .ARM.Collect$$$$0000000B  mc_w.l(entry9a.o)
    0x080001d8   0x080001d8   0x00000000   Code   RO         7727    .ARM.Collect$$$$0000000D  mc_w.l(entry10a.o)
    0x080001d8   0x080001d8   0x00000000   Code   RO         7729    .ARM.Collect$$$$0000000F  mc_w.l(entry11a.o)
    0x080001d8   0x080001d8   0x00000004   Code   RO         7718    .ARM.Collect$$$$00002712  mc_w.l(entry2.o)
    0x080001dc   0x080001dc   0x00000024   Code   RO            4    .text               startup_stm32f746xx.o
    0x08000200   0x08000200   0x00000024   Code   RO         7424    .text               mc_w.l(memcpya.o)
    0x08000224   0x08000224   0x0000002c   Code   RO         7734    .text               mc_w.l(uidiv.o)
    0x08000250   0x08000250   0x00000024   Code   RO         7751    .text               mc_w.l(init.o)
    0x08000274   0x08000274   0x00000056   Code   RO         7771    .text               mc_w.l(__dczerorl2.o)
    0x080002ca   0x080002ca   0x00000002   Code   RO           13    i.AUDIO_IO_DeInit   stm32746g_discovery.o
    0x080002cc   0x080002cc   0x0000000c   Code   RO           14    i.AUDIO_IO_Delay    stm32746g_discovery.o
    0x080002d8   0x080002d8   0x00000010   Code   RO           15    i.AUDIO_IO_Init     stm32746g_discovery.o
    0x080002e8   0x080002e8   0x00000040   Code   RO           16    i.AUDIO_IO_Read     stm32746g_discovery.o
    0x08000328   0x08000328   0x0000003c   Code   RO           17    i.AUDIO_IO_Write    stm32746g_discovery.o
    0x08000364   0x08000364   0x00000040   Code   RO          334    i.BSP_LCD_Clear     stm32746g_discovery_lcd.o
    0x080003a4   0x080003a4   0x0000002c   Code   RO          336    i.BSP_LCD_ClockConfig  stm32746g_discovery_lcd.o
    0x080003d0   0x080003d0   0x00000068   Code   RO          338    i.BSP_LCD_DisplayChar  stm32746g_discovery_lcd.o
    0x08000438   0x08000438   0x00000034   Code   RO          340    i.BSP_LCD_DisplayOn  stm32746g_discovery_lcd.o
    0x0800046c   0x0800046c   0x0000019c   Code   RO          341    i.BSP_LCD_DisplayStringAt  stm32746g_discovery_lcd.o
    0x08000608   0x08000608   0x00000060   Code   RO          346    i.BSP_LCD_DrawHLine  stm32746g_discovery_lcd.o
    0x08000668   0x08000668   0x0000013c   Code   RO          347    i.BSP_LCD_DrawLine  stm32746g_discovery_lcd.o
    0x080007a4   0x080007a4   0x0000002c   Code   RO          348    i.BSP_LCD_DrawPixel  stm32746g_discovery_lcd.o
    0x080007d0   0x080007d0   0x00000040   Code   RO          350    i.BSP_LCD_DrawRect  stm32746g_discovery_lcd.o
    0x08000810   0x08000810   0x000000a4   Code   RO          351    i.BSP_LCD_DrawVLine  stm32746g_discovery_lcd.o
    0x080008b4   0x080008b4   0x000000b8   Code   RO          355    i.BSP_LCD_FillRect  stm32746g_discovery_lcd.o
    0x0800096c   0x0800096c   0x00000020   Code   RO          359    i.BSP_LCD_GetXSize  stm32746g_discovery_lcd.o
    0x0800098c   0x0800098c   0x00000020   Code   RO          360    i.BSP_LCD_GetYSize  stm32746g_discovery_lcd.o
    0x080009ac   0x080009ac   0x000000a4   Code   RO          361    i.BSP_LCD_Init      stm32746g_discovery_lcd.o
    0x08000a50   0x08000a50   0x00000090   Code   RO          362    i.BSP_LCD_LayerDefaultInit  stm32746g_discovery_lcd.o
    0x08000ae0   0x08000ae0   0x000001ac   Code   RO          365    i.BSP_LCD_MspInit   stm32746g_discovery_lcd.o
    0x08000c8c   0x08000c8c   0x0000000c   Code   RO          368    i.BSP_LCD_SelectLayer  stm32746g_discovery_lcd.o
    0x08000c98   0x08000c98   0x0000001c   Code   RO          369    i.BSP_LCD_SetBackColor  stm32746g_discovery_lcd.o
    0x08000cb4   0x08000cb4   0x0000001c   Code   RO          371    i.BSP_LCD_SetFont   stm32746g_discovery_lcd.o
    0x08000cd0   0x08000cd0   0x00000018   Code   RO          375    i.BSP_LCD_SetTextColor  stm32746g_discovery_lcd.o
    0x08000ce8   0x08000ce8   0x00000018   Code   RO          376    i.BSP_LCD_SetTransparency  stm32746g_discovery_lcd.o
    0x08000d00   0x08000d00   0x00000050   Code   RO          779    i.BSP_QSPI_EnableMemoryMappedMode  stm32746g_discovery_qspi.o
    0x08000d50   0x08000d50   0x0000007c   Code   RO          784    i.BSP_QSPI_Init     stm32746g_discovery_qspi.o
    0x08000dcc   0x08000dcc   0x0000017c   Code   RO          786    i.BSP_QSPI_MspInit  stm32746g_discovery_qspi.o
    0x08000f48   0x08000f48   0x0000008c   Code   RO          693    i.BSP_SDRAM_Init    stm32746g_discovery_sdram.o
    0x08000fd4   0x08000fd4   0x00000098   Code   RO          694    i.BSP_SDRAM_Initialization_sequence  stm32746g_discovery_sdram.o
    0x0800106c   0x0800106c   0x000001c8   Code   RO          696    i.BSP_SDRAM_MspInit  stm32746g_discovery_sdram.o
    0x08001234   0x08001234   0x00000014   Code   RO         6085    i.BSP_SD_GetCardInfo  bsp_driver_sd.o
    0x08001248   0x08001248   0x00000018   Code   RO         6086    i.BSP_SD_GetCardState  bsp_driver_sd.o
    0x08001260   0x08001260   0x00000030   Code   RO         6088    i.BSP_SD_Init       bsp_driver_sd.o
    0x08001290   0x08001290   0x0000000c   Code   RO         6089    i.BSP_SD_IsDetected  bsp_driver_sd.o
    0x0800129c   0x0800129c   0x00000030   Code   RO         6090    i.BSP_SD_ReadBlocks  bsp_driver_sd.o
    0x080012cc   0x080012cc   0x00000030   Code   RO         6092    i.BSP_SD_WriteBlocks  bsp_driver_sd.o
    0x080012fc   0x080012fc   0x00000084   Code   RO         5611    i.CALL_CUE          main.o
    0x08001380   0x08001380   0x0000001c   Code   RO         6484    i.CODEC_IO_Write    wm8994.o
    0x0800139c   0x0800139c   0x00000020   Code   RO         5612    i.CheckTXCRC        main.o
    0x080013bc   0x080013bc   0x00000058   Code   RO         5613    i.DAC_Init_and_Start  main.o
    0x08001414   0x08001414   0x000001a0   Code   RO         5614    i.DATABASE_PARSER   main.o
    0x080015b4   0x080015b4   0x00000108   Code   RO         2800    i.DMA2D_SetConfig   stm32f7xx_hal_dma2d.o
    0x080016bc   0x080016bc   0x00000010   Code   RO         5553    i.DMA2_Stream0_IRQHandler  stm32f7xx_it.o
    0x080016cc   0x080016cc   0x00000fd0   Code   RO         5615    i.DMA2_Stream5_IRQHandler  main.o
    0x0800269c   0x0800269c   0x00000034   Code   RO         3442    i.DMA_CalcBaseAndBitshift  stm32f7xx_hal_dma.o
    0x080026d0   0x080026d0   0x000000aa   Code   RO         3443    i.DMA_CheckFifoParam  stm32f7xx_hal_dma.o
    0x0800277a   0x0800277a   0x0000002c   Code   RO         3444    i.DMA_SetConfig     stm32f7xx_hal_dma.o
    0x080027a6   0x080027a6   0x00000002   PAD
    0x080027a8   0x080027a8   0x00000110   Code   RO          379    i.DrawChar          stm32746g_discovery_lcd.o
    0x080028b8   0x080028b8   0x0000004c   Code   RO         5616    i.DrawCueMarker     main.o
    0x08002904   0x08002904   0x0000022c   Code   RO         5617    i.DrawLOGO          main.o
    0x08002b30   0x08002b30   0x00000138   Code   RO         5618    i.DrawMemoryCuePyramid  main.o
    0x08002c68   0x08002c68   0x000000ac   Code   RO         5619    i.DrawMemoryMarker  main.o
    0x08002d14   0x08002d14   0x0000005c   Code   RO         5620    i.DrawMinuteMarkers  main.o
    0x08002d70   0x08002d70   0x0000008c   Code   RO         5621    i.DrawREKORDBOX     main.o
    0x08002dfc   0x08002dfc   0x00000194   Code   RO         5622    i.DrawStaticInformation  main.o
    0x08002f90   0x08002f90   0x000007b4   Code   RO         5623    i.DrawStaticWFM     main.o
    0x08003744   0x08003744   0x00000154   Code   RO         5624    i.DrawTempoRange    main.o
    0x08003898   0x08003898   0x00000084   Code   RO         5625    i.DrawZOOMGRID      main.o
    0x0800391c   0x0800391c   0x00000034   Code   RO         5626    i.EXTI15_10_IRQHandler  main.o
    0x08003950   0x08003950   0x00000002   Code   RO         6648    i.Error             ft5336.o
    0x08003952   0x08003952   0x00000012   Code   RO         7315    i.FATFS_LinkDriver  ff_gen_drv.o
    0x08003964   0x08003964   0x00000054   Code   RO         7316    i.FATFS_LinkDriverEx  ff_gen_drv.o
    0x080039b8   0x080039b8   0x00000074   Code   RO         3307    i.FMC_SDRAM_Init    stm32f7xx_ll_fmc.o
    0x08003a2c   0x08003a2c   0x0000000e   Code   RO         3308    i.FMC_SDRAM_ProgramRefreshRate  stm32f7xx_ll_fmc.o
    0x08003a3a   0x08003a3a   0x00000052   Code   RO         3309    i.FMC_SDRAM_SendCommand  stm32f7xx_ll_fmc.o
    0x08003a8c   0x08003a8c   0x0000009c   Code   RO         3311    i.FMC_SDRAM_Timing_Init  stm32f7xx_ll_fmc.o
    0x08003b28   0x08003b28   0x00000128   Code   RO          380    i.FillTriangle      stm32746g_discovery_lcd.o
    0x08003c50   0x08003c50   0x0000008c   Code   RO          381    i.ForceDrawVLine    stm32746g_discovery_lcd.o
    0x08003cdc   0x08003cdc   0x000000e8   Code   RO         2812    i.HAL_DMA2D_ConfigLayer  stm32f7xx_hal_dma2d.o
    0x08003dc4   0x08003dc4   0x00000060   Code   RO         2820    i.HAL_DMA2D_Init    stm32f7xx_hal_dma2d.o
    0x08003e24   0x08003e24   0x00000030   Code   RO         6242    i.HAL_DMA2D_MspInit  dma2d.o
    0x08003e54   0x08003e54   0x00000168   Code   RO         2824    i.HAL_DMA2D_PollForTransfer  stm32f7xx_hal_dma2d.o
    0x08003fbc   0x08003fbc   0x0000004e   Code   RO         2827    i.HAL_DMA2D_Start   stm32f7xx_hal_dma2d.o
    0x0800400a   0x0800400a   0x000000aa   Code   RO         3445    i.HAL_DMA_Abort     stm32f7xx_hal_dma.o
    0x080040b4   0x080040b4   0x00000028   Code   RO         3446    i.HAL_DMA_Abort_IT  stm32f7xx_hal_dma.o
    0x080040dc   0x080040dc   0x00000062   Code   RO         3447    i.HAL_DMA_DeInit    stm32f7xx_hal_dma.o
    0x0800413e   0x0800413e   0x00000002   PAD
    0x08004140   0x08004140   0x00000248   Code   RO         3450    i.HAL_DMA_IRQHandler  stm32f7xx_hal_dma.o
    0x08004388   0x08004388   0x000000ec   Code   RO         3451    i.HAL_DMA_Init      stm32f7xx_hal_dma.o
    0x08004474   0x08004474   0x0000009e   Code   RO         3455    i.HAL_DMA_Start_IT  stm32f7xx_hal_dma.o
    0x08004512   0x08004512   0x0000001a   Code   RO         3591    i.HAL_Delay         stm32f7xx_hal.o
    0x0800452c   0x0800452c   0x00000104   Code   RO         6326    i.HAL_FMC_MspInit   fmc.o
    0x08004630   0x08004630   0x00000180   Code   RO         3226    i.HAL_GPIO_DeInit   stm32f7xx_hal_gpio.o
    0x080047b0   0x080047b0   0x00000002   Code   RO         3227    i.HAL_GPIO_EXTI_Callback  stm32f7xx_hal_gpio.o
    0x080047b2   0x080047b2   0x00000002   PAD
    0x080047b4   0x080047b4   0x0000001c   Code   RO         3228    i.HAL_GPIO_EXTI_IRQHandler  stm32f7xx_hal_gpio.o
    0x080047d0   0x080047d0   0x00000218   Code   RO         3229    i.HAL_GPIO_Init     stm32f7xx_hal_gpio.o
    0x080049e8   0x080049e8   0x00000010   Code   RO         3231    i.HAL_GPIO_ReadPin  stm32f7xx_hal_gpio.o
    0x080049f8   0x080049f8   0x0000000c   Code   RO         3233    i.HAL_GPIO_WritePin  stm32f7xx_hal_gpio.o
    0x08004a04   0x08004a04   0x0000000c   Code   RO         3599    i.HAL_GetTick       stm32f7xx_hal.o
    0x08004a10   0x08004a10   0x0000006a   Code   RO         1847    i.HAL_I2CEx_ConfigAnalogFilter  stm32f7xx_hal_i2c_ex.o
    0x08004a7a   0x08004a7a   0x0000006a   Code   RO         1848    i.HAL_I2CEx_ConfigDigitalFilter  stm32f7xx_hal_i2c_ex.o
    0x08004ae4   0x08004ae4   0x0000003c   Code   RO          934    i.HAL_I2C_DeInit    stm32f7xx_hal_i2c.o
    0x08004b20   0x08004b20   0x00000008   Code   RO          942    i.HAL_I2C_GetState  stm32f7xx_hal_i2c.o
    0x08004b28   0x08004b28   0x000000c4   Code   RO          943    i.HAL_I2C_Init      stm32f7xx_hal_i2c.o
    0x08004bec   0x08004bec   0x000001bc   Code   RO          959    i.HAL_I2C_Mem_Read  stm32f7xx_hal_i2c.o
    0x08004da8   0x08004da8   0x000001b8   Code   RO          962    i.HAL_I2C_Mem_Write  stm32f7xx_hal_i2c.o
    0x08004f60   0x08004f60   0x00000030   Code   RO         6378    i.HAL_I2C_MspDeInit  i2c.o
    0x08004f90   0x08004f90   0x00000058   Code   RO         6379    i.HAL_I2C_MspInit   i2c.o
    0x08004fe8   0x08004fe8   0x00000010   Code   RO         3600    i.HAL_IncTick       stm32f7xx_hal.o
    0x08004ff8   0x08004ff8   0x00000016   Code   RO         3601    i.HAL_Init          stm32f7xx_hal.o
    0x0800500e   0x0800500e   0x00000002   PAD
    0x08005010   0x08005010   0x00000028   Code   RO         3602    i.HAL_InitTick      stm32f7xx_hal.o
    0x08005038   0x08005038   0x0000005e   Code   RO         3902    i.HAL_LTDC_ConfigLayer  stm32f7xx_hal_ltdc.o
    0x08005096   0x08005096   0x00000008   Code   RO         3917    i.HAL_LTDC_GetState  stm32f7xx_hal_ltdc.o
    0x0800509e   0x0800509e   0x00000002   PAD
    0x080050a0   0x080050a0   0x00000128   Code   RO         3919    i.HAL_LTDC_Init     stm32f7xx_hal_ltdc.o
    0x080051c8   0x080051c8   0x000000d4   Code   RO         6284    i.HAL_LTDC_MspInit  ltdc.o
    0x0800529c   0x0800529c   0x0000005c   Code   RO         3928    i.HAL_LTDC_SetAlpha  stm32f7xx_hal_ltdc.o
    0x080052f8   0x080052f8   0x00000056   Code   RO         5587    i.HAL_MspInit       stm32f7xx_hal_msp.o
    0x0800534e   0x0800534e   0x0000001a   Code   RO         2665    i.HAL_NVIC_EnableIRQ  stm32f7xx_hal_cortex.o
    0x08005368   0x08005368   0x0000007c   Code   RO         2671    i.HAL_NVIC_SetPriority  stm32f7xx_hal_cortex.o
    0x080053e4   0x080053e4   0x00000028   Code   RO         2672    i.HAL_NVIC_SetPriorityGrouping  stm32f7xx_hal_cortex.o
    0x0800540c   0x0800540c   0x00000090   Code   RO         1761    i.HAL_PWREx_EnableOverDrive  stm32f7xx_hal_pwr_ex.o
    0x0800549c   0x0800549c   0x0000008e   Code   RO         4970    i.HAL_QSPI_Abort    stm32f7xx_hal_qspi.o
    0x0800552a   0x0800552a   0x000000d4   Code   RO         4973    i.HAL_QSPI_AutoPolling  stm32f7xx_hal_qspi.o
    0x080055fe   0x080055fe   0x000000a6   Code   RO         4976    i.HAL_QSPI_Command  stm32f7xx_hal_qspi.o
    0x080056a4   0x080056a4   0x00000046   Code   RO         4978    i.HAL_QSPI_DeInit   stm32f7xx_hal_qspi.o
    0x080056ea   0x080056ea   0x00000002   PAD
    0x080056ec   0x080056ec   0x000000d8   Code   RO         4985    i.HAL_QSPI_Init     stm32f7xx_hal_qspi.o
    0x080057c4   0x080057c4   0x000000ae   Code   RO         4986    i.HAL_QSPI_MemoryMapped  stm32f7xx_hal_qspi.o
    0x08005872   0x08005872   0x00000002   PAD
    0x08005874   0x08005874   0x00000048   Code   RO         6737    i.HAL_QSPI_MspDeInit  quadspi.o
    0x080058bc   0x080058bc   0x000000b4   Code   RO         6738    i.HAL_QSPI_MspInit  quadspi.o
    0x08005970   0x08005970   0x000000ea   Code   RO         4989    i.HAL_QSPI_Receive  stm32f7xx_hal_qspi.o
    0x08005a5a   0x08005a5a   0x00000004   Code   RO         4995    i.HAL_QSPI_SetTimeout  stm32f7xx_hal_qspi.o
    0x08005a5e   0x08005a5e   0x000000da   Code   RO         4998    i.HAL_QSPI_Transmit  stm32f7xx_hal_qspi.o
    0x08005b38   0x08005b38   0x000001cc   Code   RO         1980    i.HAL_RCCEx_GetPeriphCLKFreq  stm32f7xx_hal_rcc_ex.o
    0x08005d04   0x08005d04   0x00000918   Code   RO         1981    i.HAL_RCCEx_PeriphCLKConfig  stm32f7xx_hal_rcc_ex.o
    0x0800661c   0x0800661c   0x000001b4   Code   RO         1878    i.HAL_RCC_ClockConfig  stm32f7xx_hal_rcc.o
    0x080067d0   0x080067d0   0x0000000c   Code   RO         1883    i.HAL_RCC_GetHCLKFreq  stm32f7xx_hal_rcc.o
    0x080067dc   0x080067dc   0x000000b4   Code   RO         1887    i.HAL_RCC_GetSysClockFreq  stm32f7xx_hal_rcc.o
    0x08006890   0x08006890   0x000004e8   Code   RO         1890    i.HAL_RCC_OscConfig  stm32f7xx_hal_rcc.o
    0x08006d78   0x08006d78   0x00000086   Code   RO         4705    i.HAL_SAI_Abort     stm32f7xx_hal_sai.o
    0x08006dfe   0x08006dfe   0x00000002   Code   RO         4714    i.HAL_SAI_ErrorCallback  stm32f7xx_hal_sai.o
    0x08006e00   0x08006e00   0x000001d0   Code   RO         4717    i.HAL_SAI_IRQHandler  stm32f7xx_hal_sai.o
    0x08006fd0   0x08006fd0   0x0000021c   Code   RO         4718    i.HAL_SAI_Init      stm32f7xx_hal_sai.o
    0x080071ec   0x080071ec   0x00000098   Code   RO         6421    i.HAL_SAI_MspInit   sai.o
    0x08007284   0x08007284   0x0000012c   Code   RO         4727    i.HAL_SAI_Transmit  stm32f7xx_hal_sai.o
    0x080073b0   0x080073b0   0x000000ac   Code   RO         4729    i.HAL_SAI_Transmit_IT  stm32f7xx_hal_sai.o
    0x0800745c   0x0800745c   0x00000002   Code   RO         4730    i.HAL_SAI_TxCpltCallback  stm32f7xx_hal_sai.o
    0x0800745e   0x0800745e   0x00000040   Code   RO         3749    i.HAL_SDRAM_Init    stm32f7xx_hal_sdram.o
    0x0800749e   0x0800749e   0x0000000a   Code   RO         6328    i.HAL_SDRAM_MspInit  fmc.o
    0x080074a8   0x080074a8   0x00000028   Code   RO         3752    i.HAL_SDRAM_ProgramRefreshRate  stm32f7xx_hal_sdram.o
    0x080074d0   0x080074d0   0x0000003a   Code   RO         3758    i.HAL_SDRAM_SendCommand  stm32f7xx_hal_sdram.o
    0x0800750a   0x0800750a   0x000000a8   Code   RO         4159    i.HAL_SD_ConfigWideBusOperation  stm32f7xx_hal_sd.o
    0x080075b2   0x080075b2   0x000001f0   Code   RO         4164    i.HAL_SD_GetCardCSD  stm32f7xx_hal_sd.o
    0x080077a2   0x080077a2   0x00000026   Code   RO         4165    i.HAL_SD_GetCardInfo  stm32f7xx_hal_sd.o
    0x080077c8   0x080077c8   0x00000028   Code   RO         4166    i.HAL_SD_GetCardState  stm32f7xx_hal_sd.o
    0x080077f0   0x080077f0   0x00000036   Code   RO         4171    i.HAL_SD_Init       stm32f7xx_hal_sd.o
    0x08007826   0x08007826   0x00000088   Code   RO         4172    i.HAL_SD_InitCard   stm32f7xx_hal_sd.o
    0x080078ae   0x080078ae   0x00000002   PAD
    0x080078b0   0x080078b0   0x00000078   Code   RO         6200    i.HAL_SD_MspInit    sdmmc.o
    0x08007928   0x08007928   0x0000024a   Code   RO         4175    i.HAL_SD_ReadBlocks  stm32f7xx_hal_sd.o
    0x08007b72   0x08007b72   0x00000202   Code   RO         4180    i.HAL_SD_WriteBlocks  stm32f7xx_hal_sd.o
    0x08007d74   0x08007d74   0x00000002   Code   RO         5233    i.HAL_SPI_ErrorCallback  stm32f7xx_hal_spi.o
    0x08007d76   0x08007d76   0x000000cc   Code   RO         5237    i.HAL_SPI_Init      stm32f7xx_hal_spi.o
    0x08007e42   0x08007e42   0x00000002   PAD
    0x08007e44   0x08007e44   0x00000128   Code   RO         6780    i.HAL_SPI_MspInit   spi.o
    0x08007f6c   0x08007f6c   0x00000002   Code   RO         5243    i.HAL_SPI_RxCpltCallback  stm32f7xx_hal_spi.o
    0x08007f6e   0x08007f6e   0x00000002   Code   RO         5244    i.HAL_SPI_RxHalfCpltCallback  stm32f7xx_hal_spi.o
    0x08007f70   0x08007f70   0x00000208   Code   RO         5247    i.HAL_SPI_TransmitReceive_DMA  stm32f7xx_hal_spi.o
    0x08008178   0x08008178   0x00000002   Code   RO         5253    i.HAL_SPI_TxRxCpltCallback  stm32f7xx_hal_spi.o
    0x0800817a   0x0800817a   0x00000002   Code   RO         5254    i.HAL_SPI_TxRxHalfCpltCallback  stm32f7xx_hal_spi.o
    0x0800817c   0x0800817c   0x00000028   Code   RO         2674    i.HAL_SYSTICK_CLKSourceConfig  stm32f7xx_hal_cortex.o
    0x080081a4   0x080081a4   0x00000002   Code   RO         2675    i.HAL_SYSTICK_Callback  stm32f7xx_hal_cortex.o
    0x080081a6   0x080081a6   0x00000034   Code   RO         2676    i.HAL_SYSTICK_Config  stm32f7xx_hal_cortex.o
    0x080081da   0x080081da   0x00000008   Code   RO         2677    i.HAL_SYSTICK_IRQHandler  stm32f7xx_hal_cortex.o
    0x080081e2   0x080081e2   0x00000002   Code   RO         1360    i.HAL_TIMEx_BreakCallback  stm32f7xx_hal_tim_ex.o
    0x080081e4   0x080081e4   0x00000002   Code   RO         1361    i.HAL_TIMEx_CommutationCallback  stm32f7xx_hal_tim_ex.o
    0x080081e6   0x080081e6   0x00000002   PAD
    0x080081e8   0x080081e8   0x0000006c   Code   RO         1378    i.HAL_TIMEx_MasterConfigSynchronization  stm32f7xx_hal_tim_ex.o
    0x08008254   0x08008254   0x00000034   Code   RO         2017    i.HAL_TIM_Base_Init  stm32f7xx_hal_tim.o
    0x08008288   0x08008288   0x00000044   Code   RO         6607    i.HAL_TIM_Base_MspInit  tim.o
    0x080082cc   0x080082cc   0x0000001e   Code   RO         2022    i.HAL_TIM_Base_Start_IT  stm32f7xx_hal_tim.o
    0x080082ea   0x080082ea   0x00000002   PAD
    0x080082ec   0x080082ec   0x00000138   Code   RO         2026    i.HAL_TIM_ConfigClockSource  stm32f7xx_hal_tim.o
    0x08008424   0x08008424   0x00000002   Code   RO         2046    i.HAL_TIM_IC_CaptureCallback  stm32f7xx_hal_tim.o
    0x08008426   0x08008426   0x000001b8   Code   RO         2059    i.HAL_TIM_IRQHandler  stm32f7xx_hal_tim.o
    0x080085de   0x080085de   0x00000002   Code   RO         2062    i.HAL_TIM_OC_DelayElapsedCallback  stm32f7xx_hal_tim.o
    0x080085e0   0x080085e0   0x00000002   Code   RO         2089    i.HAL_TIM_PWM_PulseFinishedCallback  stm32f7xx_hal_tim.o
    0x080085e2   0x080085e2   0x00000002   Code   RO         2096    i.HAL_TIM_PeriodElapsedCallback  stm32f7xx_hal_tim.o
    0x080085e4   0x080085e4   0x00000002   Code   RO         2100    i.HAL_TIM_TriggerCallback  stm32f7xx_hal_tim.o
    0x080085e6   0x080085e6   0x00000028   Code   RO          985    i.I2C_Flush_TXDR    stm32f7xx_hal_i2c.o
    0x0800860e   0x0800860e   0x00000002   PAD
    0x08008610   0x08008610   0x0000008c   Code   RO          993    i.I2C_IsAcknowledgeFailed  stm32f7xx_hal_i2c.o
    0x0800869c   0x0800869c   0x0000008c   Code   RO          996    i.I2C_RequestMemoryRead  stm32f7xx_hal_i2c.o
    0x08008728   0x08008728   0x0000008c   Code   RO          997    i.I2C_RequestMemoryWrite  stm32f7xx_hal_i2c.o
    0x080087b4   0x080087b4   0x00000030   Code   RO         1000    i.I2C_TransferConfig  stm32f7xx_hal_i2c.o
    0x080087e4   0x080087e4   0x00000056   Code   RO         1001    i.I2C_WaitOnFlagUntilTimeout  stm32f7xx_hal_i2c.o
    0x0800883a   0x0800883a   0x00000056   Code   RO         1003    i.I2C_WaitOnSTOPFlagUntilTimeout  stm32f7xx_hal_i2c.o
    0x08008890   0x08008890   0x0000005a   Code   RO         1004    i.I2C_WaitOnTXISFlagUntilTimeout  stm32f7xx_hal_i2c.o
    0x080088ea   0x080088ea   0x00000014   Code   RO           35    i.I2Cx_Error        stm32746g_discovery.o
    0x080088fe   0x080088fe   0x00000002   PAD
    0x08008900   0x08008900   0x00000050   Code   RO           36    i.I2Cx_Init         stm32746g_discovery.o
    0x08008950   0x08008950   0x00000164   Code   RO           38    i.I2Cx_MspInit      stm32746g_discovery.o
    0x08008ab4   0x08008ab4   0x0000003a   Code   RO           39    i.I2Cx_ReadMultiple  stm32746g_discovery.o
    0x08008aee   0x08008aee   0x0000003a   Code   RO           40    i.I2Cx_WriteMultiple  stm32746g_discovery.o
    0x08008b28   0x08008b28   0x00000060   Code   RO          383    i.LL_FillBuffer     stm32746g_discovery_lcd.o
    0x08008b88   0x08008b88   0x00000f70   Code   RO         5627    i.LOAD_TRACK        main.o
    0x08009af8   0x08009af8   0x00000212   Code   RO         3938    i.LTDC_SetConfig    stm32f7xx_hal_ltdc.o
    0x08009d0a   0x08009d0a   0x00000002   PAD
    0x08009d0c   0x08009d0c   0x00000058   Code   RO         6243    i.MX_DMA2D_Init     dma2d.o
    0x08009d64   0x08009d64   0x000000a0   Code   RO         6576    i.MX_DMA_Init       dma.o
    0x08009e04   0x08009e04   0x0000001c   Code   RO         6163    i.MX_FATFS_Init     fatfs.o
    0x08009e20   0x08009e20   0x00000078   Code   RO         6329    i.MX_FMC_Init       fmc.o
    0x08009e98   0x08009e98   0x000003a0   Code   RO         6463    i.MX_GPIO_Init      gpio.o
    0x0800a238   0x0800a238   0x00000074   Code   RO         6380    i.MX_I2C3_Init      i2c.o
    0x0800a2ac   0x0800a2ac   0x00000120   Code   RO         6285    i.MX_LTDC_Init      ltdc.o
    0x0800a3cc   0x0800a3cc   0x00000054   Code   RO         6739    i.MX_QUADSPI_Init   quadspi.o
    0x0800a420   0x0800a420   0x00000098   Code   RO         6422    i.MX_SAI2_Init      sai.o
    0x0800a4b8   0x0800a4b8   0x00000024   Code   RO         6201    i.MX_SDMMC1_SD_Init  sdmmc.o
    0x0800a4dc   0x0800a4dc   0x0000005c   Code   RO         6781    i.MX_SPI1_Init      spi.o
    0x0800a538   0x0800a538   0x00000084   Code   RO         6608    i.MX_TIM1_Init      tim.o
    0x0800a5bc   0x0800a5bc   0x00000328   Code   RO         5628    i.NAVIGATOR         main.o
    0x0800a8e4   0x0800a8e4   0x00000010   Code   RO         2678    i.NVIC_GetPriorityGrouping  stm32f7xx_hal_cortex.o
    0x0800a8f4   0x0800a8f4   0x00000028   Code   RO         2679    i.NVIC_SetPriority  stm32f7xx_hal_cortex.o
    0x0800a91c   0x0800a91c   0x00000108   Code   RO         5629    i.PREPARE_LOAD_TRACK  main.o
    0x0800aa24   0x0800aa24   0x00000056   Code   RO          789    i.QSPI_AutoPollingMemReady  stm32746g_discovery_qspi.o
    0x0800aa7a   0x0800aa7a   0x000001e8   Code   RO         5003    i.QSPI_Config       stm32f7xx_hal_qspi.o
    0x0800ac62   0x0800ac62   0x000000a6   Code   RO          790    i.QSPI_DummyCyclesCfg  stm32746g_discovery_qspi.o
    0x0800ad08   0x0800ad08   0x0000005e   Code   RO          791    i.QSPI_ResetMemory  stm32746g_discovery_qspi.o
    0x0800ad66   0x0800ad66   0x0000004c   Code   RO         5010    i.QSPI_WaitFlagStateUntilTimeout  stm32f7xx_hal_qspi.o
    0x0800adb2   0x0800adb2   0x0000006c   Code   RO          792    i.QSPI_WriteEnable  stm32746g_discovery_qspi.o
    0x0800ae1e   0x0800ae1e   0x00000002   PAD
    0x0800ae20   0x0800ae20   0x00000114   Code   RO         5630    i.ReDrawScroll      main.o
    0x0800af34   0x0800af34   0x00000234   Code   RO         5631    i.RedrawWaveforms   main.o
    0x0800b168   0x0800b168   0x00000974   Code   RO         5632    i.SAI2_IRQHandler   main.o
    0x0800badc   0x0800badc   0x0000004c   Code   RO         4732    i.SAI_DMAAbort      stm32f7xx_hal_sai.o
    0x0800bb28   0x0800bb28   0x00000054   Code   RO         4738    i.SAI_Disable       stm32f7xx_hal_sai.o
    0x0800bb7c   0x0800bb7c   0x00000060   Code   RO         4739    i.SAI_FillFifo      stm32f7xx_hal_sai.o
    0x0800bbdc   0x0800bbdc   0x0000003a   Code   RO         4742    i.SAI_InterruptFlag  stm32f7xx_hal_sai.o
    0x0800bc16   0x0800bc16   0x00000044   Code   RO         4746    i.SAI_Transmit_IT16Bit  stm32f7xx_hal_sai.o
    0x0800bc5a   0x0800bc5a   0x00000044   Code   RO         4747    i.SAI_Transmit_IT32Bit  stm32f7xx_hal_sai.o
    0x0800bc9e   0x0800bc9e   0x00000042   Code   RO         4748    i.SAI_Transmit_IT8Bit  stm32f7xx_hal_sai.o
    0x0800bce0   0x0800bce0   0x0000009c   Code   RO         5633    i.SCB_EnableDCache  main.o
    0x0800bd7c   0x0800bd7c   0x0000003a   Code   RO         4411    i.SDMMC_CmdAppCommand  stm32f7xx_ll_sdmmc.o
    0x0800bdb6   0x0800bdb6   0x00000002   PAD
    0x0800bdb8   0x0800bdb8   0x0000003c   Code   RO         4412    i.SDMMC_CmdAppOperCommand  stm32f7xx_ll_sdmmc.o
    0x0800bdf4   0x0800bdf4   0x0000003a   Code   RO         4413    i.SDMMC_CmdBlockLength  stm32f7xx_ll_sdmmc.o
    0x0800be2e   0x0800be2e   0x0000003a   Code   RO         4414    i.SDMMC_CmdBusWidth  stm32f7xx_ll_sdmmc.o
    0x0800be68   0x0800be68   0x0000002e   Code   RO         4418    i.SDMMC_CmdGoIdleState  stm32f7xx_ll_sdmmc.o
    0x0800be96   0x0800be96   0x00000036   Code   RO         4420    i.SDMMC_CmdOperCond  stm32f7xx_ll_sdmmc.o
    0x0800becc   0x0800becc   0x0000003a   Code   RO         4421    i.SDMMC_CmdReadMultiBlock  stm32f7xx_ll_sdmmc.o
    0x0800bf06   0x0800bf06   0x0000003a   Code   RO         4422    i.SDMMC_CmdReadSingleBlock  stm32f7xx_ll_sdmmc.o
    0x0800bf40   0x0800bf40   0x0000003c   Code   RO         4425    i.SDMMC_CmdSelDesel  stm32f7xx_ll_sdmmc.o
    0x0800bf7c   0x0800bf7c   0x00000034   Code   RO         4426    i.SDMMC_CmdSendCID  stm32f7xx_ll_sdmmc.o
    0x0800bfb0   0x0800bfb0   0x00000034   Code   RO         4427    i.SDMMC_CmdSendCSD  stm32f7xx_ll_sdmmc.o
    0x0800bfe4   0x0800bfe4   0x0000003a   Code   RO         4428    i.SDMMC_CmdSendSCR  stm32f7xx_ll_sdmmc.o
    0x0800c01e   0x0800c01e   0x0000003a   Code   RO         4429    i.SDMMC_CmdSendStatus  stm32f7xx_ll_sdmmc.o
    0x0800c058   0x0800c058   0x0000003a   Code   RO         4430    i.SDMMC_CmdSetRelAdd  stm32f7xx_ll_sdmmc.o
    0x0800c092   0x0800c092   0x00000002   PAD
    0x0800c094   0x0800c094   0x0000003c   Code   RO         4432    i.SDMMC_CmdStopTransfer  stm32f7xx_ll_sdmmc.o
    0x0800c0d0   0x0800c0d0   0x0000003a   Code   RO         4434    i.SDMMC_CmdWriteMultiBlock  stm32f7xx_ll_sdmmc.o
    0x0800c10a   0x0800c10a   0x0000003a   Code   RO         4435    i.SDMMC_CmdWriteSingleBlock  stm32f7xx_ll_sdmmc.o
    0x0800c144   0x0800c144   0x0000002c   Code   RO         4436    i.SDMMC_ConfigData  stm32f7xx_ll_sdmmc.o
    0x0800c170   0x0800c170   0x00000040   Code   RO         4437    i.SDMMC_GetCmdError  stm32f7xx_ll_sdmmc.o
    0x0800c1b0   0x0800c1b0   0x000001a4   Code   RO         4438    i.SDMMC_GetCmdResp1  stm32f7xx_ll_sdmmc.o
    0x0800c354   0x0800c354   0x0000005c   Code   RO         4439    i.SDMMC_GetCmdResp2  stm32f7xx_ll_sdmmc.o
    0x0800c3b0   0x0800c3b0   0x00000050   Code   RO         4440    i.SDMMC_GetCmdResp3  stm32f7xx_ll_sdmmc.o
    0x0800c400   0x0800c400   0x000000b0   Code   RO         4441    i.SDMMC_GetCmdResp6  stm32f7xx_ll_sdmmc.o
    0x0800c4b0   0x0800c4b0   0x00000058   Code   RO         4442    i.SDMMC_GetCmdResp7  stm32f7xx_ll_sdmmc.o
    0x0800c508   0x0800c508   0x00000008   Code   RO         4443    i.SDMMC_GetCommandResponse  stm32f7xx_ll_sdmmc.o
    0x0800c510   0x0800c510   0x0000000a   Code   RO         4446    i.SDMMC_GetPowerState  stm32f7xx_ll_sdmmc.o
    0x0800c51a   0x0800c51a   0x00000016   Code   RO         4447    i.SDMMC_GetResponse  stm32f7xx_ll_sdmmc.o
    0x0800c530   0x0800c530   0x00000034   Code   RO         4448    i.SDMMC_Init        stm32f7xx_ll_sdmmc.o
    0x0800c564   0x0800c564   0x0000000a   Code   RO         4450    i.SDMMC_PowerState_ON  stm32f7xx_ll_sdmmc.o
    0x0800c56e   0x0800c56e   0x00000008   Code   RO         4451    i.SDMMC_ReadFIFO    stm32f7xx_ll_sdmmc.o
    0x0800c576   0x0800c576   0x00000028   Code   RO         4452    i.SDMMC_SendCommand  stm32f7xx_ll_sdmmc.o
    0x0800c59e   0x0800c59e   0x0000000c   Code   RO         4454    i.SDMMC_WriteFIFO   stm32f7xx_ll_sdmmc.o
    0x0800c5aa   0x0800c5aa   0x0000012c   Code   RO         4188    i.SD_FindSCR        stm32f7xx_hal_sd.o
    0x0800c6d6   0x0800c6d6   0x000000fc   Code   RO         4189    i.SD_InitCard       stm32f7xx_hal_sd.o
    0x0800c7d2   0x0800c7d2   0x000000ee   Code   RO         4191    i.SD_PowerON        stm32f7xx_hal_sd.o
    0x0800c8c0   0x0800c8c0   0x00000032   Code   RO         4194    i.SD_SendStatus     stm32f7xx_hal_sd.o
    0x0800c8f2   0x0800c8f2   0x0000006a   Code   RO         4195    i.SD_WideBus_Disable  stm32f7xx_hal_sd.o
    0x0800c95c   0x0800c95c   0x0000006a   Code   RO         4196    i.SD_WideBus_Enable  stm32f7xx_hal_sd.o
    0x0800c9c6   0x0800c9c6   0x00000002   PAD
    0x0800c9c8   0x0800c9c8   0x00000028   Code   RO         7365    i.SD_initialize     sd_diskio.o
    0x0800c9f0   0x0800c9f0   0x00000068   Code   RO         7366    i.SD_ioctl          sd_diskio.o
    0x0800ca58   0x0800ca58   0x00000048   Code   RO         7367    i.SD_read           sd_diskio.o
    0x0800caa0   0x0800caa0   0x00000028   Code   RO         7368    i.SD_status         sd_diskio.o
    0x0800cac8   0x0800cac8   0x00000048   Code   RO         7369    i.SD_write          sd_diskio.o
    0x0800cb10   0x0800cb10   0x0000006c   Code   RO         5634    i.SEEK_AUDIOFRAME   main.o
    0x0800cb7c   0x0800cb7c   0x000000c8   Code   RO         5635    i.SET_CUE           main.o
    0x0800cc44   0x0800cc44   0x000000e0   Code   RO         5636    i.SET_MEMORY_CUE_1  main.o
    0x0800cd24   0x0800cd24   0x00000068   Code   RO         5637    i.SET_MEMORY_CUE_2  main.o
    0x0800cd8c   0x0800cd8c   0x00000028   Code   RO         5265    i.SPI_DMAError      stm32f7xx_hal_spi.o
    0x0800cdb4   0x0800cdb4   0x0000000e   Code   RO         5266    i.SPI_DMAHalfReceiveCplt  stm32f7xx_hal_spi.o
    0x0800cdc2   0x0800cdc2   0x0000000e   Code   RO         5268    i.SPI_DMAHalfTransmitReceiveCplt  stm32f7xx_hal_spi.o
    0x0800cdd0   0x0800cdd0   0x00000066   Code   RO         5269    i.SPI_DMAReceiveCplt  stm32f7xx_hal_spi.o
    0x0800ce36   0x0800ce36   0x0000006c   Code   RO         5272    i.SPI_DMATransmitReceiveCplt  stm32f7xx_hal_spi.o
    0x0800cea2   0x0800cea2   0x00000082   Code   RO         5274    i.SPI_EndRxTransaction  stm32f7xx_hal_spi.o
    0x0800cf24   0x0800cf24   0x00000064   Code   RO         5275    i.SPI_EndRxTxTransaction  stm32f7xx_hal_spi.o
    0x0800cf88   0x0800cf88   0x000000b2   Code   RO         5280    i.SPI_WaitFifoStateUntilTimeout  stm32f7xx_hal_spi.o
    0x0800d03a   0x0800d03a   0x000000a0   Code   RO         5281    i.SPI_WaitFlagStateUntilTimeout  stm32f7xx_hal_spi.o
    0x0800d0da   0x0800d0da   0x00000002   PAD
    0x0800d0dc   0x0800d0dc   0x0000004c   Code   RO         5638    i.ShowACUE          main.o
    0x0800d128   0x0800d128   0x00000184   Code   RO         5639    i.ShowBPM           main.o
    0x0800d2ac   0x0800d2ac   0x00000048   Code   RO         5640    i.ShowNEEDLE        main.o
    0x0800d2f4   0x0800d2f4   0x0000086c   Code   RO         5641    i.ShowPhaseMeter    main.o
    0x0800db60   0x0800db60   0x00000048   Code   RO         5642    i.ShowREMAIN        main.o
    0x0800dba8   0x0800dba8   0x0000018c   Code   RO         5643    i.ShowTempo         main.o
    0x0800dd34   0x0800dd34   0x0000006c   Code   RO         5644    i.ShowTrackNumber   main.o
    0x0800dda0   0x0800dda0   0x00000870   Code   RO         5645    i.SwitchInformationLayer  main.o
    0x0800e610   0x0800e610   0x0000000c   Code   RO         5554    i.SysTick_Handler   stm32f7xx_it.o
    0x0800e61c   0x0800e61c   0x0000013c   Code   RO         5646    i.SystemClock_Config  main.o
    0x0800e758   0x0800e758   0x00000064   Code   RO         6822    i.SystemInit        system_stm32f7xx.o
    0x0800e7bc   0x0800e7bc   0x00000294   Code   RO         5647    i.TIM1_UP_TIM10_IRQHandler  main.o
    0x0800ea50   0x0800ea50   0x000000f0   Code   RO         2101    i.TIM_Base_SetConfig  stm32f7xx_hal_tim.o
    0x0800eb40   0x0800eb40   0x00000018   Code   RO         2108    i.TIM_ETR_SetConfig  stm32f7xx_hal_tim.o
    0x0800eb58   0x0800eb58   0x00000014   Code   RO         2109    i.TIM_ITRx_SetConfig  stm32f7xx_hal_tim.o
    0x0800eb6c   0x0800eb6c   0x0000002a   Code   RO         2115    i.TIM_TI1_ConfigInputStage  stm32f7xx_hal_tim.o
    0x0800eb96   0x0800eb96   0x0000002c   Code   RO         2117    i.TIM_TI2_ConfigInputStage  stm32f7xx_hal_tim.o
    0x0800ebc2   0x0800ebc2   0x00000002   PAD
    0x0800ebc4   0x0800ebc4   0x00000110   Code   RO         5648    i.TOUCH_SCREEN_HANDLER  main.o
    0x0800ecd4   0x0800ecd4   0x0000003c   Code   RO         6649    i.TS_DetectTouch    ft5336.o
    0x0800ed10   0x0800ed10   0x0000016c   Code   RO         6650    i.TS_GetState       ft5336.o
    0x0800ee7c   0x0800ee7c   0x000000fc   Code   RO         6651    i.TS_GetTouchInfo   ft5336.o
    0x0800ef78   0x0800ef78   0x00000144   Code   RO         6652    i.TS_GetXY          ft5336.o
    0x0800f0bc   0x0800f0bc   0x00000066   Code   RO         6653    i.TS_Get_GestureId  ft5336.o
    0x0800f122   0x0800f122   0x00000002   PAD
    0x0800f124   0x0800f124   0x00000030   Code   RO         6654    i.TS_IO_Read        ft5336.o
    0x0800f154   0x0800f154   0x00000030   Code   RO         6655    i.TS_IO_Write       ft5336.o
    0x0800f184   0x0800f184   0x0000002c   Code   RO         6656    i.Touch_Ini         ft5336.o
    0x0800f1b0   0x0800f1b0   0x00000032   Code   RO         6657    i.Touch_ReadID      ft5336.o
    0x0800f1e2   0x0800f1e2   0x00000002   PAD
    0x0800f1e4   0x0800f1e4   0x0000011c   Code   RO         5649    i.UTILITY_PARAMETER  main.o
    0x0800f300   0x0800f300   0x00000004   Code   RO         5650    i._Error_Handler    main.o
    0x0800f304   0x0800f304   0x00000028   Code   RO         7585    i.__0sprintf$6      mc_w.l(printf6.o)
    0x0800f32c   0x0800f32c   0x0000000e   Code   RO         7765    i.__scatterload_copy  mc_w.l(handlers.o)
    0x0800f33a   0x0800f33a   0x00000002   Code   RO         7766    i.__scatterload_null  mc_w.l(handlers.o)
    0x0800f33c   0x0800f33c   0x0000000e   Code   RO         7767    i.__scatterload_zeroinit  mc_w.l(handlers.o)
    0x0800f34a   0x0800f34a   0x00000002   PAD
    0x0800f34c   0x0800f34c   0x000002f0   Code   RO         7590    i._printf_core      mc_w.l(printf6.o)
    0x0800f63c   0x0800f63c   0x00000024   Code   RO         7591    i._printf_post_padding  mc_w.l(printf6.o)
    0x0800f660   0x0800f660   0x0000002e   Code   RO         7592    i._printf_pre_padding  mc_w.l(printf6.o)
    0x0800f68e   0x0800f68e   0x0000000a   Code   RO         7594    i._sputc            mc_w.l(printf6.o)
    0x0800f698   0x0800f698   0x0000009c   Code   RO         6889    i.check_fs          ff.o
    0x0800f734   0x0800f734   0x00000014   Code   RO         6890    i.chk_chr           ff.o
    0x0800f748   0x0800f748   0x00000098   Code   RO         6891    i.chk_lock          ff.o
    0x0800f7e0   0x0800f7e0   0x00000030   Code   RO         6892    i.clear_lock        ff.o
    0x0800f810   0x0800f810   0x0000004c   Code   RO         6893    i.clmt_clust        ff.o
    0x0800f85c   0x0800f85c   0x00000026   Code   RO         6894    i.clust2sect        ff.o
    0x0800f882   0x0800f882   0x00000002   PAD
    0x0800f884   0x0800f884   0x00000090   Code   RO         6895    i.cmp_lfn           ff.o
    0x0800f914   0x0800f914   0x000000fc   Code   RO         6896    i.create_chain      ff.o
    0x0800fa10   0x0800fa10   0x00000248   Code   RO         6897    i.create_name       ff.o
    0x0800fc58   0x0800fc58   0x0000004c   Code   RO         6898    i.dec_lock          ff.o
    0x0800fca4   0x0800fca4   0x0000006c   Code   RO         6899    i.dir_alloc         ff.o
    0x0800fd10   0x0800fd10   0x00000118   Code   RO         6900    i.dir_find          ff.o
    0x0800fe28   0x0800fe28   0x000001ec   Code   RO         6901    i.dir_next          ff.o
    0x08010014   0x08010014   0x0000017a   Code   RO         6903    i.dir_register      ff.o
    0x0801018e   0x0801018e   0x00000134   Code   RO         6905    i.dir_sdi           ff.o
    0x080102c2   0x080102c2   0x00000002   PAD
    0x080102c4   0x080102c4   0x0000002c   Code   RO         7259    i.disk_initialize   diskio.o
    0x080102f0   0x080102f0   0x00000028   Code   RO         7260    i.disk_ioctl        diskio.o
    0x08010318   0x08010318   0x00000030   Code   RO         7261    i.disk_read         diskio.o
    0x08010348   0x08010348   0x0000001c   Code   RO         7262    i.disk_status       diskio.o
    0x08010364   0x08010364   0x00000030   Code   RO         7263    i.disk_write        diskio.o
    0x08010394   0x08010394   0x00000028   Code   RO         6906    i.enq_lock          ff.o
    0x080103bc   0x080103bc   0x00000032   Code   RO         6908    i.f_close           ff.o
    0x080103ee   0x080103ee   0x0000045c   Code   RO         6912    i.f_lseek           ff.o
    0x0801084a   0x0801084a   0x00000002   PAD
    0x0801084c   0x0801084c   0x00000068   Code   RO         6915    i.f_mount           ff.o
    0x080108b4   0x080108b4   0x0000022c   Code   RO         6916    i.f_open            ff.o
    0x08010ae0   0x08010ae0   0x000002e6   Code   RO         6921    i.f_read            ff.o
    0x08010dc6   0x08010dc6   0x000000fa   Code   RO         6925    i.f_sync            ff.o
    0x08010ec0   0x08010ec0   0x0000000e   Code   RO         5651    i.ff_convert        main.o
    0x08010ece   0x08010ece   0x0000001a   Code   RO         5652    i.ff_wtoupper       main.o
    0x08010ee8   0x08010ee8   0x00000488   Code   RO         6930    i.find_volume       ff.o
    0x08011370   0x08011370   0x00000080   Code   RO         6931    i.fit_lfn           ff.o
    0x080113f0   0x080113f0   0x000000a6   Code   RO         6932    i.follow_path       ff.o
    0x08011496   0x08011496   0x00000002   PAD
    0x08011498   0x08011498   0x00000050   Code   RO         7689    i.free              mc_w.l(malloc.o)
    0x080114e8   0x080114e8   0x00000018   Code   RO         6658    i.ft5336_TS_GetGestureID  ft5336.o
    0x08011500   0x08011500   0x000000b4   Code   RO         6933    i.gen_numname       ff.o
    0x080115b4   0x080115b4   0x00000164   Code   RO         6934    i.get_fat           ff.o
    0x08011718   0x08011718   0x00000004   Code   RO         6164    i.get_fattime       fatfs.o
    0x0801171c   0x0801171c   0x00000048   Code   RO         6936    i.get_ldnumber      ff.o
    0x08011764   0x08011764   0x000000f4   Code   RO         6937    i.inc_lock          ff.o
    0x08011858   0x08011858   0x000003d0   Code   RO         5653    i.intDRAW_WAVEFORM_FRAME  main.o
    0x08011c28   0x08011c28   0x0000052c   Code   RO         5654    i.intDrawLayer0_INFO  main.o
    0x08012154   0x08012154   0x00000120   Code   RO         5655    i.intDrawLayer0_NOINFO  main.o
    0x08012274   0x08012274   0x000000cc   Code   RO         5656    i.intDrawTriangle   main.o
    0x08012340   0x08012340   0x00000284   Code   RO         5657    i.int_BI_DRAW_ALL_LINES  main.o
    0x080125c4   0x080125c4   0x000003f0   Code   RO         5658    i.int_BI_DRAW_ONE_LINE  main.o
    0x080129b4   0x080129b4   0x000001dc   Code   RO         5659    i.int_B_DRAW_ALL_LINES  main.o
    0x08012b90   0x08012b90   0x00000380   Code   RO         5660    i.int_B_DRAW_ONE_LINE  main.o
    0x08012f10   0x08012f10   0x00000298   Code   RO         5661    i.int_TI_DRAW_ALL_LINES  main.o
    0x080131a8   0x080131a8   0x000003dc   Code   RO         5662    i.int_TI_DRAW_ONE_LINE  main.o
    0x08013584   0x08013584   0x000001ac   Code   RO         5663    i.int_T_DRAW_ALL_LINES  main.o
    0x08013730   0x08013730   0x000002f4   Code   RO         5664    i.int_T_DRAW_ONE_LINE  main.o
    0x08013a24   0x08013a24   0x000000a8   Code   RO         5665    i.int_U_DRAW_ALL_LINES  main.o
    0x08013acc   0x08013acc   0x000002ac   Code   RO         5666    i.int_U_DRAW_ONE_LINE  main.o
    0x08013d78   0x08013d78   0x00000024   Code   RO         6938    i.ld_clust          ff.o
    0x08013d9c   0x08013d9c   0x00001070   Code   RO         5667    i.main              main.o
    0x08014e0c   0x08014e0c   0x0000006c   Code   RO         7690    i.malloc            mc_w.l(malloc.o)
    0x08014e78   0x08014e78   0x00000026   Code   RO         6939    i.mem_cmp           ff.o
    0x08014e9e   0x08014e9e   0x0000001a   Code   RO         6940    i.mem_cpy           ff.o
    0x08014eb8   0x08014eb8   0x00000014   Code   RO         6941    i.mem_set           ff.o
    0x08014ecc   0x08014ecc   0x0000003e   Code   RO         6942    i.move_window       ff.o
    0x08014f0a   0x08014f0a   0x000001be   Code   RO         6944    i.put_fat           ff.o
    0x080150c8   0x080150c8   0x00000088   Code   RO         6946    i.remove_chain      ff.o
    0x08015150   0x08015150   0x00000010   Code   RO         6947    i.st_clust          ff.o
    0x08015160   0x08015160   0x00000020   Code   RO         6948    i.sum_sfn           ff.o
    0x08015180   0x08015180   0x00000118   Code   RO         6949    i.sync_fs           ff.o
    0x08015298   0x08015298   0x00000072   Code   RO         6950    i.sync_window       ff.o
    0x0801530a   0x0801530a   0x00000052   Code   RO         6951    i.validate          ff.o
    0x0801535c   0x0801535c   0x00000008   Code   RO         6485    i.wm8994_DeInit     wm8994.o
    0x08015364   0x08015364   0x00000abe   Code   RO         6486    i.wm8994_Init       wm8994.o
    0x08015e22   0x08015e22   0x00000020   Code   RO         6487    i.wm8994_Pause      wm8994.o
    0x08015e42   0x08015e42   0x0000001c   Code   RO         6488    i.wm8994_Play       wm8994.o
    0x08015e5e   0x08015e5e   0x00000012   Code   RO         6489    i.wm8994_ReadID     wm8994.o
    0x08015e70   0x08015e70   0x00000028   Code   RO         6490    i.wm8994_Reset      wm8994.o
    0x08015e98   0x08015e98   0x00000014   Code   RO         6491    i.wm8994_Resume     wm8994.o
    0x08015eac   0x08015eac   0x000000d2   Code   RO         6492    i.wm8994_SetFrequency  wm8994.o
    0x08015f7e   0x08015f7e   0x00000002   PAD
    0x08015f80   0x08015f80   0x00000054   Code   RO         6493    i.wm8994_SetMute    wm8994.o
    0x08015fd4   0x08015fd4   0x0000013c   Code   RO         6494    i.wm8994_SetOutputMode  wm8994.o
    0x08016110   0x08016110   0x0000012c   Code   RO         6495    i.wm8994_SetVolume  wm8994.o
    0x0801623c   0x0801623c   0x0000007c   Code   RO         6496    i.wm8994_Stop       wm8994.o
    0x080162b8   0x080162b8   0x000055ab   Data   RO          385    .constdata          stm32746g_discovery_lcd.o
    0x0801b863   0x0801b863   0x00000008   Data   RO         3457    .constdata          stm32f7xx_hal_dma.o
    0x0801b86b   0x0801b86b   0x00000001   PAD
    0x0801b86c   0x0801b86c   0x00000028   Data   RO         5669    .constdata          main.o
    0x0801b894   0x0801b894   0x00000018   Data   RO         6823    .constdata          system_stm32f7xx.o
    0x0801b8ac   0x0801b8ac   0x000000ba   Data   RO         6953    .constdata          ff.o
    0x0801b966   0x0801b966   0x00000002   PAD
    0x0801b968   0x0801b968   0x00000014   Data   RO         7370    .constdata          sd_diskio.o
    0x0801b97c   0x0801b97c   0x00000030   Data   RO         7763    Region$$Table       anon$$obj.o


    Execution Region RW_IRAM1 (Exec base: 0x20000000, Load base: 0x0801b9ac, Size: 0x0002c8b8, Max: 0x00050000, ABSOLUTE, COMPRESSED[0x0000039c])

    Exec Addr    Load Addr    Size         Type   Attr      Idx    E Section Name        Object

    0x20000000   COMPRESSED   0x000000ac   Data   RW          386    .data               stm32746g_discovery_lcd.o
    0x200000ac   COMPRESSED   0x00000002   Data   RW          703    .data               stm32746g_discovery_sdram.o
    0x200000ae   COMPRESSED   0x00000002   PAD
    0x200000b0   COMPRESSED   0x00000004   Data   RW         3607    .data               stm32f7xx_hal.o
    0x200000b4   COMPRESSED   0x0000044d   Data   RW         5670    .data               main.o
    0x20000501   COMPRESSED   0x00000005   Data   RW         6165    .data               fatfs.o
    0x20000506   COMPRESSED   0x00000002   PAD
    0x20000508   COMPRESSED   0x00000008   Data   RW         6331    .data               fmc.o
    0x20000510   COMPRESSED   0x00000004   Data   RW         6424    .data               sai.o
    0x20000514   COMPRESSED   0x00000038   Data   RW         6497    .data               wm8994.o
    0x2000054c   COMPRESSED   0x00000006   Data   RW         6660    .data               ft5336.o
    0x20000552   COMPRESSED   0x00000002   PAD
    0x20000554   COMPRESSED   0x00000004   Data   RW         6824    .data               system_stm32f7xx.o
    0x20000558   COMPRESSED   0x00000006   Data   RW         6954    .data               ff.o
    0x2000055e   COMPRESSED   0x00000001   Data   RW         7371    .data               sd_diskio.o
    0x2000055f   COMPRESSED   0x00000001   PAD
    0x20000560   COMPRESSED   0x00000004   Data   RW         7738    .data               mc_w.l(mvars.o)
    0x20000564   COMPRESSED   0x00000004   Data   RW         7739    .data               mc_w.l(mvars.o)
    0x20000568        -       0x00000098   Zero   RW           43    .bss                stm32746g_discovery.o
    0x20000600        -       0x00000184   Zero   RW          384    .bss                stm32746g_discovery_lcd.o
    0x20000784        -       0x00000120   Zero   RW          702    .bss                stm32746g_discovery_sdram.o
    0x200008a4        -       0x0000004c   Zero   RW          793    .bss                stm32746g_discovery_qspi.o
    0x200008f0        -       0x0002b2fb   Zero   RW         5668    .bss                main.o
    0x2002bbeb   COMPRESSED   0x00000001   PAD
    0x2002bbec        -       0x00000084   Zero   RW         6202    .bss                sdmmc.o
    0x2002bc70        -       0x00000040   Zero   RW         6244    .bss                dma2d.o
    0x2002bcb0        -       0x000000a8   Zero   RW         6286    .bss                ltdc.o
    0x2002bd58        -       0x00000034   Zero   RW         6330    .bss                fmc.o
    0x2002bd8c        -       0x0000004c   Zero   RW         6381    .bss                i2c.o
    0x2002bdd8        -       0x00000084   Zero   RW         6423    .bss                sai.o
    0x2002be5c        -       0x00000060   Zero   RW         6577    .bss                dma.o
    0x2002bebc        -       0x00000040   Zero   RW         6609    .bss                tim.o
    0x2002befc        -       0x00000028   Zero   RW         6659    .bss                ft5336.o
    0x2002bf24        -       0x0000004c   Zero   RW         6740    .bss                quadspi.o
    0x2002bf70        -       0x00000124   Zero   RW         6782    .bss                spi.o
    0x2002c094        -       0x00000218   Zero   RW         6952    .bss                ff.o
    0x2002c2ac        -       0x0000000c   Zero   RW         7319    .bss                ff_gen_drv.o
    0x2002c2b8        -       0x00000200   Zero   RW            2    HEAP                startup_stm32f746xx.o
    0x2002c4b8        -       0x00000400   Zero   RW            1    STACK               startup_stm32f746xx.o


    Execution Region RW_IRAM2 (Exec base: 0xc0000000, Load base: 0x0801bd48, Size: 0x0067b100, Max: 0x00800000, ABSOLUTE, COMPRESSED[0x0000d034])

    Exec Addr    Load Addr    Size         Type   Attr      Idx    E Section Name        Object

    0xc0000000   COMPRESSED   0x0067b100   Data   RW         5673    .sdram              main.o



  Load Region LR_QSPI (Base: 0x90000000, Size: 0x00459b5c, Max: 0x01000000, ABSOLUTE)

    Execution Region ER_QSPI (Exec base: 0x90000000, Load base: 0x90000000, Size: 0x00459b5c, Max: 0x01000000, ABSOLUTE)

    Exec Addr    Load Addr    Size         Type   Attr      Idx    E Section Name        Object

    0x90000000   0x90000000   0x00459aa5   Data   RO         5671    .qspi_data          main.o
    0x90459aa5   0x90459aa5   0x00000003   PAD
    0x90459aa8   0x90459aa8   0x000000b4   Data   RW         5672    .qspi_data          main.o


==============================================================================

Image component sizes


      Code (inc. data)   RO Data    RW Data    ZI Data      Debug   Object Name

       200         26          0          0          0       4221   bsp_driver_sd.o
       208         24          0          0          0       4021   diskio.o
       160         30          0          0         96       1103   dma.o
       136         34          0          0         64       1593   dma2d.o
        32         12          0          5          0       1498   fatfs.o
      9564        100        186          6        536      41367   ff.o
       102          6          0          0         12       1739   ff_gen_drv.o
       390         56          0          8         52       2412   fmc.o
      1318         64          0          6         40       8342   ft5336.o
       928         54          0          0          0       1599   gpio.o
       252         54          0          0         76       2249   i2c.o
       500         54          0          0        168       2002   ltdc.o
     38756       3550    4561613    6796801     176891     100297   main.o
       336         68          0          0         76       2366   quadspi.o
       304         44          0          4        132       1796   sai.o
       328         34         20          1          0       4816   sd_diskio.o
       156         24          0          0        132       1676   sdmmc.o
       388         70          0          0        292       1911   spi.o
        36          8        456          0       1536        856   startup_stm32f746xx.o
       726         48          0          0        152     883686   stm32746g_discovery.o
      3264        278      21931        172        388      28578   stm32746g_discovery_lcd.o
      1038         34          0          0         76       8290   stm32746g_discovery_qspi.o
       748         66          0          2        288       4590   stm32746g_discovery_sdram.o
       116         14          0          4          0       3919   stm32f7xx_hal.o
       348         22          0          0          0      37861   stm32f7xx_hal_cortex.o
      1552         20          8          0          0       8003   stm32f7xx_hal_dma.o
      1030         10          0          0          0       6339   stm32f7xx_hal_dma2d.o
       978        104          0          0          0       5361   stm32f7xx_hal_gpio.o
      1918         24          0          0          0      13094   stm32f7xx_hal_i2c.o
       212          0          0          0          0       2015   stm32f7xx_hal_i2c_ex.o
      1020          6          0          0          0       4427   stm32f7xx_hal_ltdc.o
        86          0          0          0          0        534   stm32f7xx_hal_msp.o
       144          8          0          0          0       1316   stm32f7xx_hal_pwr_ex.o
      2000          8          0          0          0      10674   stm32f7xx_hal_qspi.o
      1884         46          0          0          0       4446   stm32f7xx_hal_rcc.o
      2788         44          0          0          0       3269   stm32f7xx_hal_rcc_ex.o
      2130         40          0          0          0      11190   stm32f7xx_hal_sai.o
      3084          0          0          0          0      13548   stm32f7xx_hal_sd.o
       162          0          0          0          0       2812   stm32f7xx_hal_sdram.o
      1580         22          0          0          0      12325   stm32f7xx_hal_spi.o
      1214         48          0          0          0      10463   stm32f7xx_hal_tim.o
       112         10          0          0          0       2622   stm32f7xx_hal_tim_ex.o
        28          6          0          0          0       1024   stm32f7xx_it.o
       368          4          0          0          0       3620   stm32f7xx_ll_fmc.o
      2090         40          0          0          0      24856   stm32f7xx_ll_sdmmc.o
       100         18         24          4          0       1215   system_stm32f7xx.o
       200         36          0          0         64       1718   tim.o
      3958         36          0         56          0       9874   wm8994.o

    ----------------------------------------------------------------------
     89026       5304    4584292    6797076     181072    1307533   Object Totals
         0          0         48          0          0          0   (incl. Generated)
        54          0          6          7          1          0   (incl. Padding)

    ----------------------------------------------------------------------

      Code (inc. data)   RO Data    RW Data    ZI Data      Debug   Library Member Name

        86          0          0          0          0          0   __dczerorl2.o
         0          0          0          0          0          0   entry.o
         0          0          0          0          0          0   entry10a.o
         0          0          0          0          0          0   entry11a.o
         8          4          0          0          0          0   entry2.o
         4          0          0          0          0          0   entry5.o
         0          0          0          0          0          0   entry7b.o
         0          0          0          0          0          0   entry8b.o
         8          4          0          0          0          0   entry9a.o
        30          0          0          0          0          0   handlers.o
        36          8          0          0          0         68   init.o
       188         20          0          0          0        160   malloc.o
        36          0          0          0          0         68   memcpya.o
         0          0          0          8          0          0   mvars.o
       884         10          0          0          0        420   printf6.o
        44          0          0          0          0         80   uidiv.o

    ----------------------------------------------------------------------
      1326         46          0          8          0        796   Library Totals
         2          0          0          0          0          0   (incl. Padding)

    ----------------------------------------------------------------------

      Code (inc. data)   RO Data    RW Data    ZI Data      Debug   Library Name

      1324         46          0          8          0        796   mc_w.l

    ----------------------------------------------------------------------
      1326         46          0          8          0        796   Library Totals

    ----------------------------------------------------------------------

==============================================================================


      Code (inc. data)   RO Data    RW Data    ZI Data      Debug   

     90352       5350    4584292    6797084     181072    1270349   Grand Totals
     90352       5350    4584292      54404     181072    1270349   ELF Image Totals (compressed)
     90352       5350    4584292      54404          0          0   ROM Totals

==============================================================================

    Total RO  Size (Code + RO Data)              4674644 (4565.08kB)
    Total RW  Size (RW Data + ZI Data)           6978156 (6814.61kB)
    Total ROM Size (Code + RO Data + RW Data)    4729048 (4618.21kB)

==============================================================================

